Archive member included to satisfy reference by file (symbol)

C:\Users\virskl\Documents\GitHub\LED-Cube\LedCube\LedCube\ArduinoCore\Debug\libArduinoCore.a(HardwareSerial0.o)
                              src/LedCube.o (Serial)
C:\Users\virskl\Documents\GitHub\LED-Cube\LedCube\LedCube\ArduinoCore\Debug\libArduinoCore.a(main.o)
                              C:/Program Files (x86)/Atmel/Studio/7.0/Packs/atmel/ATmega_DFP/1.0.106/gcc/dev/atmega328p/avr5/crtatmega328p.o (main)
C:\Users\virskl\Documents\GitHub\LED-Cube\LedCube\LedCube\ArduinoCore\Debug\libArduinoCore.a(Print.o)
                              src/LedCube.o (_ZN5Print7printlnEPKc)
C:\Users\virskl\Documents\GitHub\LED-Cube\LedCube\LedCube\ArduinoCore\Debug\libArduinoCore.a(wiring.o)
                              Sketch.o (delay)
C:\Users\virskl\Documents\GitHub\LED-Cube\LedCube\LedCube\ArduinoCore\Debug\libArduinoCore.a(wiring_digital.o)
                              Sketch.o (pinMode)
C:\Users\virskl\Documents\GitHub\LED-Cube\LedCube\LedCube\ArduinoCore\Debug\libArduinoCore.a(abi.o)
                              C:\Users\virskl\Documents\GitHub\LED-Cube\LedCube\LedCube\ArduinoCore\Debug\libArduinoCore.a(Print.o) (__cxa_pure_virtual)
C:\Users\virskl\Documents\GitHub\LED-Cube\LedCube\LedCube\ArduinoCore\Debug\libArduinoCore.a(HardwareSerial.o)
                              C:\Users\virskl\Documents\GitHub\LED-Cube\LedCube\LedCube\ArduinoCore\Debug\libArduinoCore.a(HardwareSerial0.o) (_ZN14HardwareSerial9availableEv)
C:\Users\virskl\Documents\GitHub\LED-Cube\LedCube\LedCube\ArduinoCore\Debug\libArduinoCore.a(hooks.o)
                              C:\Users\virskl\Documents\GitHub\LED-Cube\LedCube\LedCube\ArduinoCore\Debug\libArduinoCore.a(wiring.o) (yield)
c:/program files (x86)/atmel/studio/7.0/toolchain/avr8/avr8-gnu-toolchain/bin/../lib/gcc/avr/4.9.2/../../../../avr/lib/avr5\libm.a(addsf3.o)
                              C:\Users\virskl\Documents\GitHub\LED-Cube\LedCube\LedCube\ArduinoCore\Debug\libArduinoCore.a(Print.o) (__subsf3)
c:/program files (x86)/atmel/studio/7.0/toolchain/avr8/avr8-gnu-toolchain/bin/../lib/gcc/avr/4.9.2/../../../../avr/lib/avr5\libm.a(addsf3x.o)
                              c:/program files (x86)/atmel/studio/7.0/toolchain/avr8/avr8-gnu-toolchain/bin/../lib/gcc/avr/4.9.2/../../../../avr/lib/avr5\libm.a(addsf3.o) (__addsf3x)
c:/program files (x86)/atmel/studio/7.0/toolchain/avr8/avr8-gnu-toolchain/bin/../lib/gcc/avr/4.9.2/../../../../avr/lib/avr5\libm.a(cmpsf2.o)
                              C:\Users\virskl\Documents\GitHub\LED-Cube\LedCube\LedCube\ArduinoCore\Debug\libArduinoCore.a(Print.o) (__ltsf2)
c:/program files (x86)/atmel/studio/7.0/toolchain/avr8/avr8-gnu-toolchain/bin/../lib/gcc/avr/4.9.2/../../../../avr/lib/avr5\libm.a(divsf3.o)
                              C:\Users\virskl\Documents\GitHub\LED-Cube\LedCube\LedCube\ArduinoCore\Debug\libArduinoCore.a(Print.o) (__divsf3)
c:/program files (x86)/atmel/studio/7.0/toolchain/avr8/avr8-gnu-toolchain/bin/../lib/gcc/avr/4.9.2/../../../../avr/lib/avr5\libm.a(divsf3x.o)
                              c:/program files (x86)/atmel/studio/7.0/toolchain/avr8/avr8-gnu-toolchain/bin/../lib/gcc/avr/4.9.2/../../../../avr/lib/avr5\libm.a(divsf3.o) (__divsf3x)
c:/program files (x86)/atmel/studio/7.0/toolchain/avr8/avr8-gnu-toolchain/bin/../lib/gcc/avr/4.9.2/../../../../avr/lib/avr5\libm.a(fixsfsi.o)
                              C:\Users\virskl\Documents\GitHub\LED-Cube\LedCube\LedCube\ArduinoCore\Debug\libArduinoCore.a(Print.o) (__fixsfsi)
c:/program files (x86)/atmel/studio/7.0/toolchain/avr8/avr8-gnu-toolchain/bin/../lib/gcc/avr/4.9.2/../../../../avr/lib/avr5\libm.a(fixunssfsi.o)
                              C:\Users\virskl\Documents\GitHub\LED-Cube\LedCube\LedCube\ArduinoCore\Debug\libArduinoCore.a(Print.o) (__fixunssfsi)
c:/program files (x86)/atmel/studio/7.0/toolchain/avr8/avr8-gnu-toolchain/bin/../lib/gcc/avr/4.9.2/../../../../avr/lib/avr5\libm.a(floatsisf.o)
                              C:\Users\virskl\Documents\GitHub\LED-Cube\LedCube\LedCube\ArduinoCore\Debug\libArduinoCore.a(Print.o) (__floatunsisf)
c:/program files (x86)/atmel/studio/7.0/toolchain/avr8/avr8-gnu-toolchain/bin/../lib/gcc/avr/4.9.2/../../../../avr/lib/avr5\libm.a(fp_cmp.o)
                              c:/program files (x86)/atmel/studio/7.0/toolchain/avr8/avr8-gnu-toolchain/bin/../lib/gcc/avr/4.9.2/../../../../avr/lib/avr5\libm.a(cmpsf2.o) (__fp_cmp)
c:/program files (x86)/atmel/studio/7.0/toolchain/avr8/avr8-gnu-toolchain/bin/../lib/gcc/avr/4.9.2/../../../../avr/lib/avr5\libm.a(fp_inf.o)
                              c:/program files (x86)/atmel/studio/7.0/toolchain/avr8/avr8-gnu-toolchain/bin/../lib/gcc/avr/4.9.2/../../../../avr/lib/avr5\libm.a(addsf3x.o) (__fp_inf)
c:/program files (x86)/atmel/studio/7.0/toolchain/avr8/avr8-gnu-toolchain/bin/../lib/gcc/avr/4.9.2/../../../../avr/lib/avr5\libm.a(fp_nan.o)
                              c:/program files (x86)/atmel/studio/7.0/toolchain/avr8/avr8-gnu-toolchain/bin/../lib/gcc/avr/4.9.2/../../../../avr/lib/avr5\libm.a(addsf3x.o) (__fp_nan)
c:/program files (x86)/atmel/studio/7.0/toolchain/avr8/avr8-gnu-toolchain/bin/../lib/gcc/avr/4.9.2/../../../../avr/lib/avr5\libm.a(fp_pscA.o)
                              c:/program files (x86)/atmel/studio/7.0/toolchain/avr8/avr8-gnu-toolchain/bin/../lib/gcc/avr/4.9.2/../../../../avr/lib/avr5\libm.a(addsf3x.o) (__fp_pscA)
c:/program files (x86)/atmel/studio/7.0/toolchain/avr8/avr8-gnu-toolchain/bin/../lib/gcc/avr/4.9.2/../../../../avr/lib/avr5\libm.a(fp_pscB.o)
                              c:/program files (x86)/atmel/studio/7.0/toolchain/avr8/avr8-gnu-toolchain/bin/../lib/gcc/avr/4.9.2/../../../../avr/lib/avr5\libm.a(addsf3x.o) (__fp_pscB)
c:/program files (x86)/atmel/studio/7.0/toolchain/avr8/avr8-gnu-toolchain/bin/../lib/gcc/avr/4.9.2/../../../../avr/lib/avr5\libm.a(fp_round.o)
                              c:/program files (x86)/atmel/studio/7.0/toolchain/avr8/avr8-gnu-toolchain/bin/../lib/gcc/avr/4.9.2/../../../../avr/lib/avr5\libm.a(addsf3.o) (__fp_round)
c:/program files (x86)/atmel/studio/7.0/toolchain/avr8/avr8-gnu-toolchain/bin/../lib/gcc/avr/4.9.2/../../../../avr/lib/avr5\libm.a(fp_split3.o)
                              c:/program files (x86)/atmel/studio/7.0/toolchain/avr8/avr8-gnu-toolchain/bin/../lib/gcc/avr/4.9.2/../../../../avr/lib/avr5\libm.a(addsf3x.o) (__fp_split3)
c:/program files (x86)/atmel/studio/7.0/toolchain/avr8/avr8-gnu-toolchain/bin/../lib/gcc/avr/4.9.2/../../../../avr/lib/avr5\libm.a(fp_zero.o)
                              c:/program files (x86)/atmel/studio/7.0/toolchain/avr8/avr8-gnu-toolchain/bin/../lib/gcc/avr/4.9.2/../../../../avr/lib/avr5\libm.a(addsf3x.o) (__fp_zero)
c:/program files (x86)/atmel/studio/7.0/toolchain/avr8/avr8-gnu-toolchain/bin/../lib/gcc/avr/4.9.2/../../../../avr/lib/avr5\libm.a(gesf2.o)
                              C:\Users\virskl\Documents\GitHub\LED-Cube\LedCube\LedCube\ArduinoCore\Debug\libArduinoCore.a(Print.o) (__gtsf2)
c:/program files (x86)/atmel/studio/7.0/toolchain/avr8/avr8-gnu-toolchain/bin/../lib/gcc/avr/4.9.2/../../../../avr/lib/avr5\libm.a(mulsf3.o)
                              C:\Users\virskl\Documents\GitHub\LED-Cube\LedCube\LedCube\ArduinoCore\Debug\libArduinoCore.a(Print.o) (__mulsf3)
c:/program files (x86)/atmel/studio/7.0/toolchain/avr8/avr8-gnu-toolchain/bin/../lib/gcc/avr/4.9.2/../../../../avr/lib/avr5\libm.a(mulsf3x.o)
                              c:/program files (x86)/atmel/studio/7.0/toolchain/avr8/avr8-gnu-toolchain/bin/../lib/gcc/avr/4.9.2/../../../../avr/lib/avr5\libm.a(mulsf3.o) (__mulsf3x)
c:/program files (x86)/atmel/studio/7.0/toolchain/avr8/avr8-gnu-toolchain/bin/../lib/gcc/avr/4.9.2/../../../../avr/lib/avr5\libm.a(unordsf2.o)
                              C:\Users\virskl\Documents\GitHub\LED-Cube\LedCube\LedCube\ArduinoCore\Debug\libArduinoCore.a(Print.o) (__unordsf2)
c:/program files (x86)/atmel/studio/7.0/toolchain/avr8/avr8-gnu-toolchain/bin/../lib/gcc/avr/4.9.2/avr5\libgcc.a(_udivmodsi4.o)
                              C:\Users\virskl\Documents\GitHub\LED-Cube\LedCube\LedCube\ArduinoCore\Debug\libArduinoCore.a(Print.o) (__udivmodsi4)
c:/program files (x86)/atmel/studio/7.0/toolchain/avr8/avr8-gnu-toolchain/bin/../lib/gcc/avr/4.9.2/avr5\libgcc.a(_exit.o)
                              C:/Program Files (x86)/Atmel/Studio/7.0/Packs/atmel/ATmega_DFP/1.0.106/gcc/dev/atmega328p/avr5/crtatmega328p.o (exit)
c:/program files (x86)/atmel/studio/7.0/toolchain/avr8/avr8-gnu-toolchain/bin/../lib/gcc/avr/4.9.2/avr5\libgcc.a(_copy_data.o)
                              src/LedCube.o (__do_copy_data)
c:/program files (x86)/atmel/studio/7.0/toolchain/avr8/avr8-gnu-toolchain/bin/../lib/gcc/avr/4.9.2/avr5\libgcc.a(_clear_bss.o)
                              Sketch.o (__do_clear_bss)
c:/program files (x86)/atmel/studio/7.0/toolchain/avr8/avr8-gnu-toolchain/bin/../lib/gcc/avr/4.9.2/avr5\libgcc.a(_ctors.o)
                              Sketch.o (__do_global_ctors)
c:/program files (x86)/atmel/studio/7.0/toolchain/avr8/avr8-gnu-toolchain/bin/../lib/gcc/avr/4.9.2/avr5\libgcc.a(_dtors.o)
                              Sketch.o (__do_global_dtors)
c:/program files (x86)/atmel/studio/7.0/toolchain/avr8/avr8-gnu-toolchain/bin/../lib/gcc/avr/4.9.2/avr5\libgcc.a(_tablejump2.o)
                              c:/program files (x86)/atmel/studio/7.0/toolchain/avr8/avr8-gnu-toolchain/bin/../lib/gcc/avr/4.9.2/avr5\libgcc.a(_ctors.o) (__tablejump2__)
c:/program files (x86)/atmel/studio/7.0/toolchain/avr8/avr8-gnu-toolchain/bin/../lib/gcc/avr/4.9.2/../../../../avr/lib/avr5\libc.a(abort.o)
                              C:\Users\virskl\Documents\GitHub\LED-Cube\LedCube\LedCube\ArduinoCore\Debug\libArduinoCore.a(abi.o) (abort)

Discarded input sections

 .data          0x00000000        0x0 C:/Program Files (x86)/Atmel/Studio/7.0/Packs/atmel/ATmega_DFP/1.0.106/gcc/dev/atmega328p/avr5/crtatmega328p.o
 .bss           0x00000000        0x0 C:/Program Files (x86)/Atmel/Studio/7.0/Packs/atmel/ATmega_DFP/1.0.106/gcc/dev/atmega328p/avr5/crtatmega328p.o
 .text          0x00000000        0x0 Sketch.o
 .data          0x00000000        0x0 Sketch.o
 .bss           0x00000000        0x0 Sketch.o
 .text          0x00000000        0x0 src/Animation.o
 .data          0x00000000        0x0 src/Animation.o
 .bss           0x00000000        0x0 src/Animation.o
 .text._ZN9AnimationC2Ev
                0x00000000        0x2 src/Animation.o
 .text._ZN9AnimationD2Ev
                0x00000000        0x2 src/Animation.o
 .debug_info    0x00000000      0x112 src/Animation.o
 .debug_abbrev  0x00000000       0xbe src/Animation.o
 .debug_aranges
                0x00000000       0x28 src/Animation.o
 .debug_ranges  0x00000000       0x18 src/Animation.o
 .debug_line    0x00000000       0x68 src/Animation.o
 .debug_str     0x00000000      0x199 src/Animation.o
 .comment       0x00000000       0x31 src/Animation.o
 .debug_frame   0x00000000       0x34 src/Animation.o
 .text          0x00000000        0x0 src/LedCube.o
 .data          0x00000000        0x0 src/LedCube.o
 .bss           0x00000000        0x0 src/LedCube.o
 .text._ZN7LedCube4stopEv
                0x00000000       0x14 src/LedCube.o
 .text._ZN7LedCube8setVoxelEhhh
                0x00000000       0x48 src/LedCube.o
 .text._ZN7LedCube10clearVoxelEhhh
                0x00000000       0x4a src/LedCube.o
 .text._ZN7LedCube10writeVoxelEhhhb
                0x00000000       0x8c src/LedCube.o
 .text._ZN7LedCube8getVoxelEhhhPb
                0x00000000       0x48 src/LedCube.o
 .text._ZN7LedCube10getVoxelsXEhhPh
                0x00000000       0x2e src/LedCube.o
 .text._ZN7LedCube10getVoxelsYEhhPh
                0x00000000       0xd6 src/LedCube.o
 .text._ZN7LedCube10setVoxelsYEhhh
                0x00000000       0x8c src/LedCube.o
 .text._ZN7LedCube10getVoxelsZEhhPh
                0x00000000       0xc8 src/LedCube.o
 .text._ZN7LedCube10setVoxelsZEhhh
                0x00000000       0x82 src/LedCube.o
 .text._ZN7LedCube14getVoxelsXFastEhh
                0x00000000       0x1c src/LedCube.o
 .text._ZN7LedCube14setVoxelsXFastEhhh
                0x00000000       0x1c src/LedCube.o
 .text._ZN7LedCube14getVoxelsYFastEhh
                0x00000000       0x84 src/LedCube.o
 .text._ZN7LedCube14getVoxelsZFastEhh
                0x00000000       0x94 src/LedCube.o
 .text._ZN7LedCube14setVoxelsZFastEhhh
                0x00000000       0x74 src/LedCube.o
 .text._ZN7LedCube13showNextFrameEv
                0x00000000       0x16 src/LedCube.o
 .text._ZN7LedCube19switchBufferPointerEv
                0x00000000       0x14 src/LedCube.o
 .text          0x00000000        0x0 src/Transformation.o
 .data          0x00000000        0x0 src/Transformation.o
 .bss           0x00000000        0x0 src/Transformation.o
 .text._ZN14Transformation12shiftForwardEb
                0x00000000       0x7c src/Transformation.o
 .text._ZN14Transformation13shiftBackwardEb
                0x00000000       0x74 src/Transformation.o
 .text._ZN14Transformation11shiftUpwardEb
                0x00000000       0x74 src/Transformation.o
 .text._ZN14Transformation13shiftDownwardEb
                0x00000000       0x7c src/Transformation.o
 .text._ZN14Transformation9shiftLeftEb
                0x00000000       0x7c src/Transformation.o
 .text._ZN14Transformation10shiftRightEb
                0x00000000       0x74 src/Transformation.o
 .text._ZN14Transformation16shiftForwardFastEb
                0x00000000       0xa8 src/Transformation.o
 .text._ZN14Transformation17shiftBackwardFastEb
                0x00000000       0xa8 src/Transformation.o
 .text          0x00000000        0x0 C:\Users\virskl\Documents\GitHub\LED-Cube\LedCube\LedCube\ArduinoCore\Debug\libArduinoCore.a(HardwareSerial0.o)
 .data          0x00000000        0x0 C:\Users\virskl\Documents\GitHub\LED-Cube\LedCube\LedCube\ArduinoCore\Debug\libArduinoCore.a(HardwareSerial0.o)
 .bss           0x00000000        0x0 C:\Users\virskl\Documents\GitHub\LED-Cube\LedCube\LedCube\ArduinoCore\Debug\libArduinoCore.a(HardwareSerial0.o)
 .text          0x00000000        0x0 C:\Users\virskl\Documents\GitHub\LED-Cube\LedCube\LedCube\ArduinoCore\Debug\libArduinoCore.a(main.o)
 .data          0x00000000        0x0 C:\Users\virskl\Documents\GitHub\LED-Cube\LedCube\LedCube\ArduinoCore\Debug\libArduinoCore.a(main.o)
 .bss           0x00000000        0x0 C:\Users\virskl\Documents\GitHub\LED-Cube\LedCube\LedCube\ArduinoCore\Debug\libArduinoCore.a(main.o)
 .text.atexit   0x00000000        0x6 C:\Users\virskl\Documents\GitHub\LED-Cube\LedCube\LedCube\ArduinoCore\Debug\libArduinoCore.a(main.o)
 .group         0x00000000        0x8 C:\Users\virskl\Documents\GitHub\LED-Cube\LedCube\LedCube\ArduinoCore\Debug\libArduinoCore.a(Print.o)
 .group         0x00000000        0x8 C:\Users\virskl\Documents\GitHub\LED-Cube\LedCube\LedCube\ArduinoCore\Debug\libArduinoCore.a(Print.o)
 .text          0x00000000        0x0 C:\Users\virskl\Documents\GitHub\LED-Cube\LedCube\LedCube\ArduinoCore\Debug\libArduinoCore.a(Print.o)
 .data          0x00000000        0x0 C:\Users\virskl\Documents\GitHub\LED-Cube\LedCube\LedCube\ArduinoCore\Debug\libArduinoCore.a(Print.o)
 .bss           0x00000000        0x0 C:\Users\virskl\Documents\GitHub\LED-Cube\LedCube\LedCube\ArduinoCore\Debug\libArduinoCore.a(Print.o)
 .text._ZN5Print5printEPK19__FlashStringHelper
                0x00000000       0x46 C:\Users\virskl\Documents\GitHub\LED-Cube\LedCube\LedCube\ArduinoCore\Debug\libArduinoCore.a(Print.o)
 .text._ZN5Print5printERK6String
                0x00000000       0x1c C:\Users\virskl\Documents\GitHub\LED-Cube\LedCube\LedCube\ArduinoCore\Debug\libArduinoCore.a(Print.o)
 .text._ZN5Print5printEPKc
                0x00000000        0x4 C:\Users\virskl\Documents\GitHub\LED-Cube\LedCube\LedCube\ArduinoCore\Debug\libArduinoCore.a(Print.o)
 .text._ZN5Print5printERK9Printable
                0x00000000       0x14 C:\Users\virskl\Documents\GitHub\LED-Cube\LedCube\LedCube\ArduinoCore\Debug\libArduinoCore.a(Print.o)
 .text._ZN5Print7printlnEPK19__FlashStringHelper
                0x00000000       0x24 C:\Users\virskl\Documents\GitHub\LED-Cube\LedCube\LedCube\ArduinoCore\Debug\libArduinoCore.a(Print.o)
 .text._ZN5Print7printlnERK6String
                0x00000000       0x24 C:\Users\virskl\Documents\GitHub\LED-Cube\LedCube\LedCube\ArduinoCore\Debug\libArduinoCore.a(Print.o)
 .text._ZN5Print7printlnEc
                0x00000000       0x24 C:\Users\virskl\Documents\GitHub\LED-Cube\LedCube\LedCube\ArduinoCore\Debug\libArduinoCore.a(Print.o)
 .text._ZN5Print7printlnERK9Printable
                0x00000000       0x24 C:\Users\virskl\Documents\GitHub\LED-Cube\LedCube\LedCube\ArduinoCore\Debug\libArduinoCore.a(Print.o)
 .text._ZN5Print11printNumberEmh
                0x00000000       0xac C:\Users\virskl\Documents\GitHub\LED-Cube\LedCube\LedCube\ArduinoCore\Debug\libArduinoCore.a(Print.o)
 .text._ZN5Print5printEli
                0x00000000       0x94 C:\Users\virskl\Documents\GitHub\LED-Cube\LedCube\LedCube\ArduinoCore\Debug\libArduinoCore.a(Print.o)
 .text._ZN5Print5printEii
                0x00000000        0xe C:\Users\virskl\Documents\GitHub\LED-Cube\LedCube\LedCube\ArduinoCore\Debug\libArduinoCore.a(Print.o)
 .text._ZN5Print7printlnEii
                0x00000000       0x2e C:\Users\virskl\Documents\GitHub\LED-Cube\LedCube\LedCube\ArduinoCore\Debug\libArduinoCore.a(Print.o)
 .text._ZN5Print7printlnEli
                0x00000000       0x24 C:\Users\virskl\Documents\GitHub\LED-Cube\LedCube\LedCube\ArduinoCore\Debug\libArduinoCore.a(Print.o)
 .text._ZN5Print5printEmi
                0x00000000       0x1a C:\Users\virskl\Documents\GitHub\LED-Cube\LedCube\LedCube\ArduinoCore\Debug\libArduinoCore.a(Print.o)
 .text._ZN5Print5printEhi
                0x00000000        0xe C:\Users\virskl\Documents\GitHub\LED-Cube\LedCube\LedCube\ArduinoCore\Debug\libArduinoCore.a(Print.o)
 .text._ZN5Print7printlnEhi
                0x00000000       0x2e C:\Users\virskl\Documents\GitHub\LED-Cube\LedCube\LedCube\ArduinoCore\Debug\libArduinoCore.a(Print.o)
 .text._ZN5Print5printEji
                0x00000000        0xc C:\Users\virskl\Documents\GitHub\LED-Cube\LedCube\LedCube\ArduinoCore\Debug\libArduinoCore.a(Print.o)
 .text._ZN5Print7printlnEji
                0x00000000       0x2c C:\Users\virskl\Documents\GitHub\LED-Cube\LedCube\LedCube\ArduinoCore\Debug\libArduinoCore.a(Print.o)
 .text._ZN5Print7printlnEmi
                0x00000000       0x24 C:\Users\virskl\Documents\GitHub\LED-Cube\LedCube\LedCube\ArduinoCore\Debug\libArduinoCore.a(Print.o)
 .rodata.str1.1
                0x00000000        0xe C:\Users\virskl\Documents\GitHub\LED-Cube\LedCube\LedCube\ArduinoCore\Debug\libArduinoCore.a(Print.o)
 .text._ZN5Print10printFloatEdh
                0x00000000      0x1ca C:\Users\virskl\Documents\GitHub\LED-Cube\LedCube\LedCube\ArduinoCore\Debug\libArduinoCore.a(Print.o)
 .text._ZN5Print5printEdi
                0x00000000        0x4 C:\Users\virskl\Documents\GitHub\LED-Cube\LedCube\LedCube\ArduinoCore\Debug\libArduinoCore.a(Print.o)
 .text._ZN5Print7printlnEdi
                0x00000000       0x24 C:\Users\virskl\Documents\GitHub\LED-Cube\LedCube\LedCube\ArduinoCore\Debug\libArduinoCore.a(Print.o)
 .rodata._ZTV5Print
                0x00000000        0x8 C:\Users\virskl\Documents\GitHub\LED-Cube\LedCube\LedCube\ArduinoCore\Debug\libArduinoCore.a(Print.o)
 .text          0x00000000        0x0 C:\Users\virskl\Documents\GitHub\LED-Cube\LedCube\LedCube\ArduinoCore\Debug\libArduinoCore.a(wiring.o)
 .data          0x00000000        0x0 C:\Users\virskl\Documents\GitHub\LED-Cube\LedCube\LedCube\ArduinoCore\Debug\libArduinoCore.a(wiring.o)
 .bss           0x00000000        0x0 C:\Users\virskl\Documents\GitHub\LED-Cube\LedCube\LedCube\ArduinoCore\Debug\libArduinoCore.a(wiring.o)
 .text.millis   0x00000000       0x18 C:\Users\virskl\Documents\GitHub\LED-Cube\LedCube\LedCube\ArduinoCore\Debug\libArduinoCore.a(wiring.o)
 .text.delayMicroseconds
                0x00000000       0x14 C:\Users\virskl\Documents\GitHub\LED-Cube\LedCube\LedCube\ArduinoCore\Debug\libArduinoCore.a(wiring.o)
 .text          0x00000000        0x0 C:\Users\virskl\Documents\GitHub\LED-Cube\LedCube\LedCube\ArduinoCore\Debug\libArduinoCore.a(wiring_digital.o)
 .data          0x00000000        0x0 C:\Users\virskl\Documents\GitHub\LED-Cube\LedCube\LedCube\ArduinoCore\Debug\libArduinoCore.a(wiring_digital.o)
 .bss           0x00000000        0x0 C:\Users\virskl\Documents\GitHub\LED-Cube\LedCube\LedCube\ArduinoCore\Debug\libArduinoCore.a(wiring_digital.o)
 .text.digitalRead
                0x00000000       0x52 C:\Users\virskl\Documents\GitHub\LED-Cube\LedCube\LedCube\ArduinoCore\Debug\libArduinoCore.a(wiring_digital.o)
 .progmem.data.port_to_input_PGM
                0x00000000        0xa C:\Users\virskl\Documents\GitHub\LED-Cube\LedCube\LedCube\ArduinoCore\Debug\libArduinoCore.a(wiring_digital.o)
 .text          0x00000000        0x0 C:\Users\virskl\Documents\GitHub\LED-Cube\LedCube\LedCube\ArduinoCore\Debug\libArduinoCore.a(abi.o)
 .data          0x00000000        0x0 C:\Users\virskl\Documents\GitHub\LED-Cube\LedCube\LedCube\ArduinoCore\Debug\libArduinoCore.a(abi.o)
 .bss           0x00000000        0x0 C:\Users\virskl\Documents\GitHub\LED-Cube\LedCube\LedCube\ArduinoCore\Debug\libArduinoCore.a(abi.o)
 .text.__cxa_pure_virtual
                0x00000000        0x4 C:\Users\virskl\Documents\GitHub\LED-Cube\LedCube\LedCube\ArduinoCore\Debug\libArduinoCore.a(abi.o)
 .text.__cxa_deleted_virtual
                0x00000000        0x4 C:\Users\virskl\Documents\GitHub\LED-Cube\LedCube\LedCube\ArduinoCore\Debug\libArduinoCore.a(abi.o)
 .debug_info    0x00000000       0x8e C:\Users\virskl\Documents\GitHub\LED-Cube\LedCube\LedCube\ArduinoCore\Debug\libArduinoCore.a(abi.o)
 .debug_abbrev  0x00000000       0x5e C:\Users\virskl\Documents\GitHub\LED-Cube\LedCube\LedCube\ArduinoCore\Debug\libArduinoCore.a(abi.o)
 .debug_aranges
                0x00000000       0x28 C:\Users\virskl\Documents\GitHub\LED-Cube\LedCube\LedCube\ArduinoCore\Debug\libArduinoCore.a(abi.o)
 .debug_ranges  0x00000000       0x18 C:\Users\virskl\Documents\GitHub\LED-Cube\LedCube\LedCube\ArduinoCore\Debug\libArduinoCore.a(abi.o)
 .debug_line    0x00000000       0xbf C:\Users\virskl\Documents\GitHub\LED-Cube\LedCube\LedCube\ArduinoCore\Debug\libArduinoCore.a(abi.o)
 .debug_str     0x00000000      0x19a C:\Users\virskl\Documents\GitHub\LED-Cube\LedCube\LedCube\ArduinoCore\Debug\libArduinoCore.a(abi.o)
 .comment       0x00000000       0x31 C:\Users\virskl\Documents\GitHub\LED-Cube\LedCube\LedCube\ArduinoCore\Debug\libArduinoCore.a(abi.o)
 .debug_frame   0x00000000       0x34 C:\Users\virskl\Documents\GitHub\LED-Cube\LedCube\LedCube\ArduinoCore\Debug\libArduinoCore.a(abi.o)
 .group         0x00000000        0x8 C:\Users\virskl\Documents\GitHub\LED-Cube\LedCube\LedCube\ArduinoCore\Debug\libArduinoCore.a(HardwareSerial.o)
 .text          0x00000000        0x0 C:\Users\virskl\Documents\GitHub\LED-Cube\LedCube\LedCube\ArduinoCore\Debug\libArduinoCore.a(HardwareSerial.o)
 .data          0x00000000        0x0 C:\Users\virskl\Documents\GitHub\LED-Cube\LedCube\LedCube\ArduinoCore\Debug\libArduinoCore.a(HardwareSerial.o)
 .bss           0x00000000        0x0 C:\Users\virskl\Documents\GitHub\LED-Cube\LedCube\LedCube\ArduinoCore\Debug\libArduinoCore.a(HardwareSerial.o)
 .text._ZN14HardwareSerial5beginEmh
                0x00000000       0xca C:\Users\virskl\Documents\GitHub\LED-Cube\LedCube\LedCube\ArduinoCore\Debug\libArduinoCore.a(HardwareSerial.o)
 .text._ZN14HardwareSerial3endEv
                0x00000000       0x38 C:\Users\virskl\Documents\GitHub\LED-Cube\LedCube\LedCube\ArduinoCore\Debug\libArduinoCore.a(HardwareSerial.o)
 .text._ZN14HardwareSerial17availableForWriteEv
                0x00000000       0x1e C:\Users\virskl\Documents\GitHub\LED-Cube\LedCube\LedCube\ArduinoCore\Debug\libArduinoCore.a(HardwareSerial.o)
 .text          0x00000000        0x0 C:\Users\virskl\Documents\GitHub\LED-Cube\LedCube\LedCube\ArduinoCore\Debug\libArduinoCore.a(hooks.o)
 .data          0x00000000        0x0 C:\Users\virskl\Documents\GitHub\LED-Cube\LedCube\LedCube\ArduinoCore\Debug\libArduinoCore.a(hooks.o)
 .bss           0x00000000        0x0 C:\Users\virskl\Documents\GitHub\LED-Cube\LedCube\LedCube\ArduinoCore\Debug\libArduinoCore.a(hooks.o)
 .text          0x00000000        0x0 c:/program files (x86)/atmel/studio/7.0/toolchain/avr8/avr8-gnu-toolchain/bin/../lib/gcc/avr/4.9.2/../../../../avr/lib/avr5\libm.a(addsf3.o)
 .data          0x00000000        0x0 c:/program files (x86)/atmel/studio/7.0/toolchain/avr8/avr8-gnu-toolchain/bin/../lib/gcc/avr/4.9.2/../../../../avr/lib/avr5\libm.a(addsf3.o)
 .bss           0x00000000        0x0 c:/program files (x86)/atmel/studio/7.0/toolchain/avr8/avr8-gnu-toolchain/bin/../lib/gcc/avr/4.9.2/../../../../avr/lib/avr5\libm.a(addsf3.o)
 .text.avr-libc.fplib
                0x00000000        0xe c:/program files (x86)/atmel/studio/7.0/toolchain/avr8/avr8-gnu-toolchain/bin/../lib/gcc/avr/4.9.2/../../../../avr/lib/avr5\libm.a(addsf3.o)
 .text          0x00000000        0x0 c:/program files (x86)/atmel/studio/7.0/toolchain/avr8/avr8-gnu-toolchain/bin/../lib/gcc/avr/4.9.2/../../../../avr/lib/avr5\libm.a(addsf3x.o)
 .data          0x00000000        0x0 c:/program files (x86)/atmel/studio/7.0/toolchain/avr8/avr8-gnu-toolchain/bin/../lib/gcc/avr/4.9.2/../../../../avr/lib/avr5\libm.a(addsf3x.o)
 .bss           0x00000000        0x0 c:/program files (x86)/atmel/studio/7.0/toolchain/avr8/avr8-gnu-toolchain/bin/../lib/gcc/avr/4.9.2/../../../../avr/lib/avr5\libm.a(addsf3x.o)
 .text.avr-libc.fplib
                0x00000000       0xcc c:/program files (x86)/atmel/studio/7.0/toolchain/avr8/avr8-gnu-toolchain/bin/../lib/gcc/avr/4.9.2/../../../../avr/lib/avr5\libm.a(addsf3x.o)
 .text          0x00000000        0x0 c:/program files (x86)/atmel/studio/7.0/toolchain/avr8/avr8-gnu-toolchain/bin/../lib/gcc/avr/4.9.2/../../../../avr/lib/avr5\libm.a(cmpsf2.o)
 .data          0x00000000        0x0 c:/program files (x86)/atmel/studio/7.0/toolchain/avr8/avr8-gnu-toolchain/bin/../lib/gcc/avr/4.9.2/../../../../avr/lib/avr5\libm.a(cmpsf2.o)
 .bss           0x00000000        0x0 c:/program files (x86)/atmel/studio/7.0/toolchain/avr8/avr8-gnu-toolchain/bin/../lib/gcc/avr/4.9.2/../../../../avr/lib/avr5\libm.a(cmpsf2.o)
 .text.avr-libc.fplib
                0x00000000        0xa c:/program files (x86)/atmel/studio/7.0/toolchain/avr8/avr8-gnu-toolchain/bin/../lib/gcc/avr/4.9.2/../../../../avr/lib/avr5\libm.a(cmpsf2.o)
 .text          0x00000000        0x0 c:/program files (x86)/atmel/studio/7.0/toolchain/avr8/avr8-gnu-toolchain/bin/../lib/gcc/avr/4.9.2/../../../../avr/lib/avr5\libm.a(divsf3.o)
 .data          0x00000000        0x0 c:/program files (x86)/atmel/studio/7.0/toolchain/avr8/avr8-gnu-toolchain/bin/../lib/gcc/avr/4.9.2/../../../../avr/lib/avr5\libm.a(divsf3.o)
 .bss           0x00000000        0x0 c:/program files (x86)/atmel/studio/7.0/toolchain/avr8/avr8-gnu-toolchain/bin/../lib/gcc/avr/4.9.2/../../../../avr/lib/avr5\libm.a(divsf3.o)
 .text.avr-libc.fplib
                0x00000000        0x8 c:/program files (x86)/atmel/studio/7.0/toolchain/avr8/avr8-gnu-toolchain/bin/../lib/gcc/avr/4.9.2/../../../../avr/lib/avr5\libm.a(divsf3.o)
 .text          0x00000000        0x0 c:/program files (x86)/atmel/studio/7.0/toolchain/avr8/avr8-gnu-toolchain/bin/../lib/gcc/avr/4.9.2/../../../../avr/lib/avr5\libm.a(divsf3x.o)
 .data          0x00000000        0x0 c:/program files (x86)/atmel/studio/7.0/toolchain/avr8/avr8-gnu-toolchain/bin/../lib/gcc/avr/4.9.2/../../../../avr/lib/avr5\libm.a(divsf3x.o)
 .bss           0x00000000        0x0 c:/program files (x86)/atmel/studio/7.0/toolchain/avr8/avr8-gnu-toolchain/bin/../lib/gcc/avr/4.9.2/../../../../avr/lib/avr5\libm.a(divsf3x.o)
 .text.avr-libc.fplib
                0x00000000       0xdc c:/program files (x86)/atmel/studio/7.0/toolchain/avr8/avr8-gnu-toolchain/bin/../lib/gcc/avr/4.9.2/../../../../avr/lib/avr5\libm.a(divsf3x.o)
 .text          0x00000000        0x0 c:/program files (x86)/atmel/studio/7.0/toolchain/avr8/avr8-gnu-toolchain/bin/../lib/gcc/avr/4.9.2/../../../../avr/lib/avr5\libm.a(fixsfsi.o)
 .data          0x00000000        0x0 c:/program files (x86)/atmel/studio/7.0/toolchain/avr8/avr8-gnu-toolchain/bin/../lib/gcc/avr/4.9.2/../../../../avr/lib/avr5\libm.a(fixsfsi.o)
 .bss           0x00000000        0x0 c:/program files (x86)/atmel/studio/7.0/toolchain/avr8/avr8-gnu-toolchain/bin/../lib/gcc/avr/4.9.2/../../../../avr/lib/avr5\libm.a(fixsfsi.o)
 .text.avr-libc.fplib
                0x00000000        0xe c:/program files (x86)/atmel/studio/7.0/toolchain/avr8/avr8-gnu-toolchain/bin/../lib/gcc/avr/4.9.2/../../../../avr/lib/avr5\libm.a(fixsfsi.o)
 .text          0x00000000        0x0 c:/program files (x86)/atmel/studio/7.0/toolchain/avr8/avr8-gnu-toolchain/bin/../lib/gcc/avr/4.9.2/../../../../avr/lib/avr5\libm.a(fixunssfsi.o)
 .data          0x00000000        0x0 c:/program files (x86)/atmel/studio/7.0/toolchain/avr8/avr8-gnu-toolchain/bin/../lib/gcc/avr/4.9.2/../../../../avr/lib/avr5\libm.a(fixunssfsi.o)
 .bss           0x00000000        0x0 c:/program files (x86)/atmel/studio/7.0/toolchain/avr8/avr8-gnu-toolchain/bin/../lib/gcc/avr/4.9.2/../../../../avr/lib/avr5\libm.a(fixunssfsi.o)
 .text.avr-libc.fplib
                0x00000000       0x5e c:/program files (x86)/atmel/studio/7.0/toolchain/avr8/avr8-gnu-toolchain/bin/../lib/gcc/avr/4.9.2/../../../../avr/lib/avr5\libm.a(fixunssfsi.o)
 .text          0x00000000        0x0 c:/program files (x86)/atmel/studio/7.0/toolchain/avr8/avr8-gnu-toolchain/bin/../lib/gcc/avr/4.9.2/../../../../avr/lib/avr5\libm.a(floatsisf.o)
 .data          0x00000000        0x0 c:/program files (x86)/atmel/studio/7.0/toolchain/avr8/avr8-gnu-toolchain/bin/../lib/gcc/avr/4.9.2/../../../../avr/lib/avr5\libm.a(floatsisf.o)
 .bss           0x00000000        0x0 c:/program files (x86)/atmel/studio/7.0/toolchain/avr8/avr8-gnu-toolchain/bin/../lib/gcc/avr/4.9.2/../../../../avr/lib/avr5\libm.a(floatsisf.o)
 .text.avr-libc.fplib
                0x00000000       0x7a c:/program files (x86)/atmel/studio/7.0/toolchain/avr8/avr8-gnu-toolchain/bin/../lib/gcc/avr/4.9.2/../../../../avr/lib/avr5\libm.a(floatsisf.o)
 .text          0x00000000        0x0 c:/program files (x86)/atmel/studio/7.0/toolchain/avr8/avr8-gnu-toolchain/bin/../lib/gcc/avr/4.9.2/../../../../avr/lib/avr5\libm.a(fp_cmp.o)
 .data          0x00000000        0x0 c:/program files (x86)/atmel/studio/7.0/toolchain/avr8/avr8-gnu-toolchain/bin/../lib/gcc/avr/4.9.2/../../../../avr/lib/avr5\libm.a(fp_cmp.o)
 .bss           0x00000000        0x0 c:/program files (x86)/atmel/studio/7.0/toolchain/avr8/avr8-gnu-toolchain/bin/../lib/gcc/avr/4.9.2/../../../../avr/lib/avr5\libm.a(fp_cmp.o)
 .text.avr-libc.fplib
                0x00000000       0x48 c:/program files (x86)/atmel/studio/7.0/toolchain/avr8/avr8-gnu-toolchain/bin/../lib/gcc/avr/4.9.2/../../../../avr/lib/avr5\libm.a(fp_cmp.o)
 .text          0x00000000        0x0 c:/program files (x86)/atmel/studio/7.0/toolchain/avr8/avr8-gnu-toolchain/bin/../lib/gcc/avr/4.9.2/../../../../avr/lib/avr5\libm.a(fp_inf.o)
 .data          0x00000000        0x0 c:/program files (x86)/atmel/studio/7.0/toolchain/avr8/avr8-gnu-toolchain/bin/../lib/gcc/avr/4.9.2/../../../../avr/lib/avr5\libm.a(fp_inf.o)
 .bss           0x00000000        0x0 c:/program files (x86)/atmel/studio/7.0/toolchain/avr8/avr8-gnu-toolchain/bin/../lib/gcc/avr/4.9.2/../../../../avr/lib/avr5\libm.a(fp_inf.o)
 .text.avr-libc.fplib
                0x00000000        0xc c:/program files (x86)/atmel/studio/7.0/toolchain/avr8/avr8-gnu-toolchain/bin/../lib/gcc/avr/4.9.2/../../../../avr/lib/avr5\libm.a(fp_inf.o)
 .text          0x00000000        0x0 c:/program files (x86)/atmel/studio/7.0/toolchain/avr8/avr8-gnu-toolchain/bin/../lib/gcc/avr/4.9.2/../../../../avr/lib/avr5\libm.a(fp_nan.o)
 .data          0x00000000        0x0 c:/program files (x86)/atmel/studio/7.0/toolchain/avr8/avr8-gnu-toolchain/bin/../lib/gcc/avr/4.9.2/../../../../avr/lib/avr5\libm.a(fp_nan.o)
 .bss           0x00000000        0x0 c:/program files (x86)/atmel/studio/7.0/toolchain/avr8/avr8-gnu-toolchain/bin/../lib/gcc/avr/4.9.2/../../../../avr/lib/avr5\libm.a(fp_nan.o)
 .text.avr-libc.fplib
                0x00000000        0x6 c:/program files (x86)/atmel/studio/7.0/toolchain/avr8/avr8-gnu-toolchain/bin/../lib/gcc/avr/4.9.2/../../../../avr/lib/avr5\libm.a(fp_nan.o)
 .text          0x00000000        0x0 c:/program files (x86)/atmel/studio/7.0/toolchain/avr8/avr8-gnu-toolchain/bin/../lib/gcc/avr/4.9.2/../../../../avr/lib/avr5\libm.a(fp_pscA.o)
 .data          0x00000000        0x0 c:/program files (x86)/atmel/studio/7.0/toolchain/avr8/avr8-gnu-toolchain/bin/../lib/gcc/avr/4.9.2/../../../../avr/lib/avr5\libm.a(fp_pscA.o)
 .bss           0x00000000        0x0 c:/program files (x86)/atmel/studio/7.0/toolchain/avr8/avr8-gnu-toolchain/bin/../lib/gcc/avr/4.9.2/../../../../avr/lib/avr5\libm.a(fp_pscA.o)
 .text.avr-libc.fplib
                0x00000000        0xe c:/program files (x86)/atmel/studio/7.0/toolchain/avr8/avr8-gnu-toolchain/bin/../lib/gcc/avr/4.9.2/../../../../avr/lib/avr5\libm.a(fp_pscA.o)
 .text          0x00000000        0x0 c:/program files (x86)/atmel/studio/7.0/toolchain/avr8/avr8-gnu-toolchain/bin/../lib/gcc/avr/4.9.2/../../../../avr/lib/avr5\libm.a(fp_pscB.o)
 .data          0x00000000        0x0 c:/program files (x86)/atmel/studio/7.0/toolchain/avr8/avr8-gnu-toolchain/bin/../lib/gcc/avr/4.9.2/../../../../avr/lib/avr5\libm.a(fp_pscB.o)
 .bss           0x00000000        0x0 c:/program files (x86)/atmel/studio/7.0/toolchain/avr8/avr8-gnu-toolchain/bin/../lib/gcc/avr/4.9.2/../../../../avr/lib/avr5\libm.a(fp_pscB.o)
 .text.avr-libc.fplib
                0x00000000        0xe c:/program files (x86)/atmel/studio/7.0/toolchain/avr8/avr8-gnu-toolchain/bin/../lib/gcc/avr/4.9.2/../../../../avr/lib/avr5\libm.a(fp_pscB.o)
 .text          0x00000000        0x0 c:/program files (x86)/atmel/studio/7.0/toolchain/avr8/avr8-gnu-toolchain/bin/../lib/gcc/avr/4.9.2/../../../../avr/lib/avr5\libm.a(fp_round.o)
 .data          0x00000000        0x0 c:/program files (x86)/atmel/studio/7.0/toolchain/avr8/avr8-gnu-toolchain/bin/../lib/gcc/avr/4.9.2/../../../../avr/lib/avr5\libm.a(fp_round.o)
 .bss           0x00000000        0x0 c:/program files (x86)/atmel/studio/7.0/toolchain/avr8/avr8-gnu-toolchain/bin/../lib/gcc/avr/4.9.2/../../../../avr/lib/avr5\libm.a(fp_round.o)
 .text.avr-libc.fplib
                0x00000000       0x22 c:/program files (x86)/atmel/studio/7.0/toolchain/avr8/avr8-gnu-toolchain/bin/../lib/gcc/avr/4.9.2/../../../../avr/lib/avr5\libm.a(fp_round.o)
 .text          0x00000000        0x0 c:/program files (x86)/atmel/studio/7.0/toolchain/avr8/avr8-gnu-toolchain/bin/../lib/gcc/avr/4.9.2/../../../../avr/lib/avr5\libm.a(fp_split3.o)
 .data          0x00000000        0x0 c:/program files (x86)/atmel/studio/7.0/toolchain/avr8/avr8-gnu-toolchain/bin/../lib/gcc/avr/4.9.2/../../../../avr/lib/avr5\libm.a(fp_split3.o)
 .bss           0x00000000        0x0 c:/program files (x86)/atmel/studio/7.0/toolchain/avr8/avr8-gnu-toolchain/bin/../lib/gcc/avr/4.9.2/../../../../avr/lib/avr5\libm.a(fp_split3.o)
 .text.avr-libc.fplib
                0x00000000       0x44 c:/program files (x86)/atmel/studio/7.0/toolchain/avr8/avr8-gnu-toolchain/bin/../lib/gcc/avr/4.9.2/../../../../avr/lib/avr5\libm.a(fp_split3.o)
 .text          0x00000000        0x0 c:/program files (x86)/atmel/studio/7.0/toolchain/avr8/avr8-gnu-toolchain/bin/../lib/gcc/avr/4.9.2/../../../../avr/lib/avr5\libm.a(fp_zero.o)
 .data          0x00000000        0x0 c:/program files (x86)/atmel/studio/7.0/toolchain/avr8/avr8-gnu-toolchain/bin/../lib/gcc/avr/4.9.2/../../../../avr/lib/avr5\libm.a(fp_zero.o)
 .bss           0x00000000        0x0 c:/program files (x86)/atmel/studio/7.0/toolchain/avr8/avr8-gnu-toolchain/bin/../lib/gcc/avr/4.9.2/../../../../avr/lib/avr5\libm.a(fp_zero.o)
 .text.avr-libc.fplib
                0x00000000        0xe c:/program files (x86)/atmel/studio/7.0/toolchain/avr8/avr8-gnu-toolchain/bin/../lib/gcc/avr/4.9.2/../../../../avr/lib/avr5\libm.a(fp_zero.o)
 .text          0x00000000        0x0 c:/program files (x86)/atmel/studio/7.0/toolchain/avr8/avr8-gnu-toolchain/bin/../lib/gcc/avr/4.9.2/../../../../avr/lib/avr5\libm.a(gesf2.o)
 .data          0x00000000        0x0 c:/program files (x86)/atmel/studio/7.0/toolchain/avr8/avr8-gnu-toolchain/bin/../lib/gcc/avr/4.9.2/../../../../avr/lib/avr5\libm.a(gesf2.o)
 .bss           0x00000000        0x0 c:/program files (x86)/atmel/studio/7.0/toolchain/avr8/avr8-gnu-toolchain/bin/../lib/gcc/avr/4.9.2/../../../../avr/lib/avr5\libm.a(gesf2.o)
 .text.avr-libc.fplib
                0x00000000        0xa c:/program files (x86)/atmel/studio/7.0/toolchain/avr8/avr8-gnu-toolchain/bin/../lib/gcc/avr/4.9.2/../../../../avr/lib/avr5\libm.a(gesf2.o)
 .text          0x00000000        0x0 c:/program files (x86)/atmel/studio/7.0/toolchain/avr8/avr8-gnu-toolchain/bin/../lib/gcc/avr/4.9.2/../../../../avr/lib/avr5\libm.a(mulsf3.o)
 .data          0x00000000        0x0 c:/program files (x86)/atmel/studio/7.0/toolchain/avr8/avr8-gnu-toolchain/bin/../lib/gcc/avr/4.9.2/../../../../avr/lib/avr5\libm.a(mulsf3.o)
 .bss           0x00000000        0x0 c:/program files (x86)/atmel/studio/7.0/toolchain/avr8/avr8-gnu-toolchain/bin/../lib/gcc/avr/4.9.2/../../../../avr/lib/avr5\libm.a(mulsf3.o)
 .text.avr-libc.fplib
                0x00000000        0x8 c:/program files (x86)/atmel/studio/7.0/toolchain/avr8/avr8-gnu-toolchain/bin/../lib/gcc/avr/4.9.2/../../../../avr/lib/avr5\libm.a(mulsf3.o)
 .text          0x00000000        0x0 c:/program files (x86)/atmel/studio/7.0/toolchain/avr8/avr8-gnu-toolchain/bin/../lib/gcc/avr/4.9.2/../../../../avr/lib/avr5\libm.a(mulsf3x.o)
 .data          0x00000000        0x0 c:/program files (x86)/atmel/studio/7.0/toolchain/avr8/avr8-gnu-toolchain/bin/../lib/gcc/avr/4.9.2/../../../../avr/lib/avr5\libm.a(mulsf3x.o)
 .bss           0x00000000        0x0 c:/program files (x86)/atmel/studio/7.0/toolchain/avr8/avr8-gnu-toolchain/bin/../lib/gcc/avr/4.9.2/../../../../avr/lib/avr5\libm.a(mulsf3x.o)
 .text.avr-libc.fplib
                0x00000000       0xd2 c:/program files (x86)/atmel/studio/7.0/toolchain/avr8/avr8-gnu-toolchain/bin/../lib/gcc/avr/4.9.2/../../../../avr/lib/avr5\libm.a(mulsf3x.o)
 .text          0x00000000        0x0 c:/program files (x86)/atmel/studio/7.0/toolchain/avr8/avr8-gnu-toolchain/bin/../lib/gcc/avr/4.9.2/../../../../avr/lib/avr5\libm.a(unordsf2.o)
 .data          0x00000000        0x0 c:/program files (x86)/atmel/studio/7.0/toolchain/avr8/avr8-gnu-toolchain/bin/../lib/gcc/avr/4.9.2/../../../../avr/lib/avr5\libm.a(unordsf2.o)
 .bss           0x00000000        0x0 c:/program files (x86)/atmel/studio/7.0/toolchain/avr8/avr8-gnu-toolchain/bin/../lib/gcc/avr/4.9.2/../../../../avr/lib/avr5\libm.a(unordsf2.o)
 .text.avr-libc.fplib
                0x00000000        0xa c:/program files (x86)/atmel/studio/7.0/toolchain/avr8/avr8-gnu-toolchain/bin/../lib/gcc/avr/4.9.2/../../../../avr/lib/avr5\libm.a(unordsf2.o)
 .text          0x00000000        0x0 c:/program files (x86)/atmel/studio/7.0/toolchain/avr8/avr8-gnu-toolchain/bin/../lib/gcc/avr/4.9.2/avr5\libgcc.a(_udivmodsi4.o)
 .data          0x00000000        0x0 c:/program files (x86)/atmel/studio/7.0/toolchain/avr8/avr8-gnu-toolchain/bin/../lib/gcc/avr/4.9.2/avr5\libgcc.a(_udivmodsi4.o)
 .bss           0x00000000        0x0 c:/program files (x86)/atmel/studio/7.0/toolchain/avr8/avr8-gnu-toolchain/bin/../lib/gcc/avr/4.9.2/avr5\libgcc.a(_udivmodsi4.o)
 .text.libgcc.mul
                0x00000000        0x0 c:/program files (x86)/atmel/studio/7.0/toolchain/avr8/avr8-gnu-toolchain/bin/../lib/gcc/avr/4.9.2/avr5\libgcc.a(_udivmodsi4.o)
 .text.libgcc.div
                0x00000000       0x44 c:/program files (x86)/atmel/studio/7.0/toolchain/avr8/avr8-gnu-toolchain/bin/../lib/gcc/avr/4.9.2/avr5\libgcc.a(_udivmodsi4.o)
 .text.libgcc   0x00000000        0x0 c:/program files (x86)/atmel/studio/7.0/toolchain/avr8/avr8-gnu-toolchain/bin/../lib/gcc/avr/4.9.2/avr5\libgcc.a(_udivmodsi4.o)
 .text.libgcc.prologue
                0x00000000        0x0 c:/program files (x86)/atmel/studio/7.0/toolchain/avr8/avr8-gnu-toolchain/bin/../lib/gcc/avr/4.9.2/avr5\libgcc.a(_udivmodsi4.o)
 .text.libgcc.builtins
                0x00000000        0x0 c:/program files (x86)/atmel/studio/7.0/toolchain/avr8/avr8-gnu-toolchain/bin/../lib/gcc/avr/4.9.2/avr5\libgcc.a(_udivmodsi4.o)
 .text.libgcc.fmul
                0x00000000        0x0 c:/program files (x86)/atmel/studio/7.0/toolchain/avr8/avr8-gnu-toolchain/bin/../lib/gcc/avr/4.9.2/avr5\libgcc.a(_udivmodsi4.o)
 .text.libgcc.fixed
                0x00000000        0x0 c:/program files (x86)/atmel/studio/7.0/toolchain/avr8/avr8-gnu-toolchain/bin/../lib/gcc/avr/4.9.2/avr5\libgcc.a(_udivmodsi4.o)
 .text          0x00000000        0x0 c:/program files (x86)/atmel/studio/7.0/toolchain/avr8/avr8-gnu-toolchain/bin/../lib/gcc/avr/4.9.2/avr5\libgcc.a(_exit.o)
 .data          0x00000000        0x0 c:/program files (x86)/atmel/studio/7.0/toolchain/avr8/avr8-gnu-toolchain/bin/../lib/gcc/avr/4.9.2/avr5\libgcc.a(_exit.o)
 .bss           0x00000000        0x0 c:/program files (x86)/atmel/studio/7.0/toolchain/avr8/avr8-gnu-toolchain/bin/../lib/gcc/avr/4.9.2/avr5\libgcc.a(_exit.o)
 .text.libgcc.mul
                0x00000000        0x0 c:/program files (x86)/atmel/studio/7.0/toolchain/avr8/avr8-gnu-toolchain/bin/../lib/gcc/avr/4.9.2/avr5\libgcc.a(_exit.o)
 .text.libgcc.div
                0x00000000        0x0 c:/program files (x86)/atmel/studio/7.0/toolchain/avr8/avr8-gnu-toolchain/bin/../lib/gcc/avr/4.9.2/avr5\libgcc.a(_exit.o)
 .text.libgcc   0x00000000        0x0 c:/program files (x86)/atmel/studio/7.0/toolchain/avr8/avr8-gnu-toolchain/bin/../lib/gcc/avr/4.9.2/avr5\libgcc.a(_exit.o)
 .text.libgcc.prologue
                0x00000000        0x0 c:/program files (x86)/atmel/studio/7.0/toolchain/avr8/avr8-gnu-toolchain/bin/../lib/gcc/avr/4.9.2/avr5\libgcc.a(_exit.o)
 .text.libgcc.builtins
                0x00000000        0x0 c:/program files (x86)/atmel/studio/7.0/toolchain/avr8/avr8-gnu-toolchain/bin/../lib/gcc/avr/4.9.2/avr5\libgcc.a(_exit.o)
 .text.libgcc.fmul
                0x00000000        0x0 c:/program files (x86)/atmel/studio/7.0/toolchain/avr8/avr8-gnu-toolchain/bin/../lib/gcc/avr/4.9.2/avr5\libgcc.a(_exit.o)
 .text.libgcc.fixed
                0x00000000        0x0 c:/program files (x86)/atmel/studio/7.0/toolchain/avr8/avr8-gnu-toolchain/bin/../lib/gcc/avr/4.9.2/avr5\libgcc.a(_exit.o)
 .text          0x00000000        0x0 c:/program files (x86)/atmel/studio/7.0/toolchain/avr8/avr8-gnu-toolchain/bin/../lib/gcc/avr/4.9.2/avr5\libgcc.a(_copy_data.o)
 .data          0x00000000        0x0 c:/program files (x86)/atmel/studio/7.0/toolchain/avr8/avr8-gnu-toolchain/bin/../lib/gcc/avr/4.9.2/avr5\libgcc.a(_copy_data.o)
 .bss           0x00000000        0x0 c:/program files (x86)/atmel/studio/7.0/toolchain/avr8/avr8-gnu-toolchain/bin/../lib/gcc/avr/4.9.2/avr5\libgcc.a(_copy_data.o)
 .text.libgcc.mul
                0x00000000        0x0 c:/program files (x86)/atmel/studio/7.0/toolchain/avr8/avr8-gnu-toolchain/bin/../lib/gcc/avr/4.9.2/avr5\libgcc.a(_copy_data.o)
 .text.libgcc.div
                0x00000000        0x0 c:/program files (x86)/atmel/studio/7.0/toolchain/avr8/avr8-gnu-toolchain/bin/../lib/gcc/avr/4.9.2/avr5\libgcc.a(_copy_data.o)
 .text.libgcc   0x00000000        0x0 c:/program files (x86)/atmel/studio/7.0/toolchain/avr8/avr8-gnu-toolchain/bin/../lib/gcc/avr/4.9.2/avr5\libgcc.a(_copy_data.o)
 .text.libgcc.prologue
                0x00000000        0x0 c:/program files (x86)/atmel/studio/7.0/toolchain/avr8/avr8-gnu-toolchain/bin/../lib/gcc/avr/4.9.2/avr5\libgcc.a(_copy_data.o)
 .text.libgcc.builtins
                0x00000000        0x0 c:/program files (x86)/atmel/studio/7.0/toolchain/avr8/avr8-gnu-toolchain/bin/../lib/gcc/avr/4.9.2/avr5\libgcc.a(_copy_data.o)
 .text.libgcc.fmul
                0x00000000        0x0 c:/program files (x86)/atmel/studio/7.0/toolchain/avr8/avr8-gnu-toolchain/bin/../lib/gcc/avr/4.9.2/avr5\libgcc.a(_copy_data.o)
 .text.libgcc.fixed
                0x00000000        0x0 c:/program files (x86)/atmel/studio/7.0/toolchain/avr8/avr8-gnu-toolchain/bin/../lib/gcc/avr/4.9.2/avr5\libgcc.a(_copy_data.o)
 .text          0x00000000        0x0 c:/program files (x86)/atmel/studio/7.0/toolchain/avr8/avr8-gnu-toolchain/bin/../lib/gcc/avr/4.9.2/avr5\libgcc.a(_clear_bss.o)
 .data          0x00000000        0x0 c:/program files (x86)/atmel/studio/7.0/toolchain/avr8/avr8-gnu-toolchain/bin/../lib/gcc/avr/4.9.2/avr5\libgcc.a(_clear_bss.o)
 .bss           0x00000000        0x0 c:/program files (x86)/atmel/studio/7.0/toolchain/avr8/avr8-gnu-toolchain/bin/../lib/gcc/avr/4.9.2/avr5\libgcc.a(_clear_bss.o)
 .text.libgcc.mul
                0x00000000        0x0 c:/program files (x86)/atmel/studio/7.0/toolchain/avr8/avr8-gnu-toolchain/bin/../lib/gcc/avr/4.9.2/avr5\libgcc.a(_clear_bss.o)
 .text.libgcc.div
                0x00000000        0x0 c:/program files (x86)/atmel/studio/7.0/toolchain/avr8/avr8-gnu-toolchain/bin/../lib/gcc/avr/4.9.2/avr5\libgcc.a(_clear_bss.o)
 .text.libgcc   0x00000000        0x0 c:/program files (x86)/atmel/studio/7.0/toolchain/avr8/avr8-gnu-toolchain/bin/../lib/gcc/avr/4.9.2/avr5\libgcc.a(_clear_bss.o)
 .text.libgcc.prologue
                0x00000000        0x0 c:/program files (x86)/atmel/studio/7.0/toolchain/avr8/avr8-gnu-toolchain/bin/../lib/gcc/avr/4.9.2/avr5\libgcc.a(_clear_bss.o)
 .text.libgcc.builtins
                0x00000000        0x0 c:/program files (x86)/atmel/studio/7.0/toolchain/avr8/avr8-gnu-toolchain/bin/../lib/gcc/avr/4.9.2/avr5\libgcc.a(_clear_bss.o)
 .text.libgcc.fmul
                0x00000000        0x0 c:/program files (x86)/atmel/studio/7.0/toolchain/avr8/avr8-gnu-toolchain/bin/../lib/gcc/avr/4.9.2/avr5\libgcc.a(_clear_bss.o)
 .text.libgcc.fixed
                0x00000000        0x0 c:/program files (x86)/atmel/studio/7.0/toolchain/avr8/avr8-gnu-toolchain/bin/../lib/gcc/avr/4.9.2/avr5\libgcc.a(_clear_bss.o)
 .text          0x00000000        0x0 c:/program files (x86)/atmel/studio/7.0/toolchain/avr8/avr8-gnu-toolchain/bin/../lib/gcc/avr/4.9.2/avr5\libgcc.a(_ctors.o)
 .data          0x00000000        0x0 c:/program files (x86)/atmel/studio/7.0/toolchain/avr8/avr8-gnu-toolchain/bin/../lib/gcc/avr/4.9.2/avr5\libgcc.a(_ctors.o)
 .bss           0x00000000        0x0 c:/program files (x86)/atmel/studio/7.0/toolchain/avr8/avr8-gnu-toolchain/bin/../lib/gcc/avr/4.9.2/avr5\libgcc.a(_ctors.o)
 .text.libgcc.mul
                0x00000000        0x0 c:/program files (x86)/atmel/studio/7.0/toolchain/avr8/avr8-gnu-toolchain/bin/../lib/gcc/avr/4.9.2/avr5\libgcc.a(_ctors.o)
 .text.libgcc.div
                0x00000000        0x0 c:/program files (x86)/atmel/studio/7.0/toolchain/avr8/avr8-gnu-toolchain/bin/../lib/gcc/avr/4.9.2/avr5\libgcc.a(_ctors.o)
 .text.libgcc   0x00000000        0x0 c:/program files (x86)/atmel/studio/7.0/toolchain/avr8/avr8-gnu-toolchain/bin/../lib/gcc/avr/4.9.2/avr5\libgcc.a(_ctors.o)
 .text.libgcc.prologue
                0x00000000        0x0 c:/program files (x86)/atmel/studio/7.0/toolchain/avr8/avr8-gnu-toolchain/bin/../lib/gcc/avr/4.9.2/avr5\libgcc.a(_ctors.o)
 .text.libgcc.builtins
                0x00000000        0x0 c:/program files (x86)/atmel/studio/7.0/toolchain/avr8/avr8-gnu-toolchain/bin/../lib/gcc/avr/4.9.2/avr5\libgcc.a(_ctors.o)
 .text.libgcc.fmul
                0x00000000        0x0 c:/program files (x86)/atmel/studio/7.0/toolchain/avr8/avr8-gnu-toolchain/bin/../lib/gcc/avr/4.9.2/avr5\libgcc.a(_ctors.o)
 .text.libgcc.fixed
                0x00000000        0x0 c:/program files (x86)/atmel/studio/7.0/toolchain/avr8/avr8-gnu-toolchain/bin/../lib/gcc/avr/4.9.2/avr5\libgcc.a(_ctors.o)
 .text          0x00000000        0x0 c:/program files (x86)/atmel/studio/7.0/toolchain/avr8/avr8-gnu-toolchain/bin/../lib/gcc/avr/4.9.2/avr5\libgcc.a(_dtors.o)
 .data          0x00000000        0x0 c:/program files (x86)/atmel/studio/7.0/toolchain/avr8/avr8-gnu-toolchain/bin/../lib/gcc/avr/4.9.2/avr5\libgcc.a(_dtors.o)
 .bss           0x00000000        0x0 c:/program files (x86)/atmel/studio/7.0/toolchain/avr8/avr8-gnu-toolchain/bin/../lib/gcc/avr/4.9.2/avr5\libgcc.a(_dtors.o)
 .text.libgcc.mul
                0x00000000        0x0 c:/program files (x86)/atmel/studio/7.0/toolchain/avr8/avr8-gnu-toolchain/bin/../lib/gcc/avr/4.9.2/avr5\libgcc.a(_dtors.o)
 .text.libgcc.div
                0x00000000        0x0 c:/program files (x86)/atmel/studio/7.0/toolchain/avr8/avr8-gnu-toolchain/bin/../lib/gcc/avr/4.9.2/avr5\libgcc.a(_dtors.o)
 .text.libgcc   0x00000000        0x0 c:/program files (x86)/atmel/studio/7.0/toolchain/avr8/avr8-gnu-toolchain/bin/../lib/gcc/avr/4.9.2/avr5\libgcc.a(_dtors.o)
 .text.libgcc.prologue
                0x00000000        0x0 c:/program files (x86)/atmel/studio/7.0/toolchain/avr8/avr8-gnu-toolchain/bin/../lib/gcc/avr/4.9.2/avr5\libgcc.a(_dtors.o)
 .text.libgcc.builtins
                0x00000000        0x0 c:/program files (x86)/atmel/studio/7.0/toolchain/avr8/avr8-gnu-toolchain/bin/../lib/gcc/avr/4.9.2/avr5\libgcc.a(_dtors.o)
 .text.libgcc.fmul
                0x00000000        0x0 c:/program files (x86)/atmel/studio/7.0/toolchain/avr8/avr8-gnu-toolchain/bin/../lib/gcc/avr/4.9.2/avr5\libgcc.a(_dtors.o)
 .text.libgcc.fixed
                0x00000000        0x0 c:/program files (x86)/atmel/studio/7.0/toolchain/avr8/avr8-gnu-toolchain/bin/../lib/gcc/avr/4.9.2/avr5\libgcc.a(_dtors.o)
 .text          0x00000000        0x0 c:/program files (x86)/atmel/studio/7.0/toolchain/avr8/avr8-gnu-toolchain/bin/../lib/gcc/avr/4.9.2/avr5\libgcc.a(_tablejump2.o)
 .data          0x00000000        0x0 c:/program files (x86)/atmel/studio/7.0/toolchain/avr8/avr8-gnu-toolchain/bin/../lib/gcc/avr/4.9.2/avr5\libgcc.a(_tablejump2.o)
 .bss           0x00000000        0x0 c:/program files (x86)/atmel/studio/7.0/toolchain/avr8/avr8-gnu-toolchain/bin/../lib/gcc/avr/4.9.2/avr5\libgcc.a(_tablejump2.o)
 .text.libgcc.mul
                0x00000000        0x0 c:/program files (x86)/atmel/studio/7.0/toolchain/avr8/avr8-gnu-toolchain/bin/../lib/gcc/avr/4.9.2/avr5\libgcc.a(_tablejump2.o)
 .text.libgcc.div
                0x00000000        0x0 c:/program files (x86)/atmel/studio/7.0/toolchain/avr8/avr8-gnu-toolchain/bin/../lib/gcc/avr/4.9.2/avr5\libgcc.a(_tablejump2.o)
 .text.libgcc.prologue
                0x00000000        0x0 c:/program files (x86)/atmel/studio/7.0/toolchain/avr8/avr8-gnu-toolchain/bin/../lib/gcc/avr/4.9.2/avr5\libgcc.a(_tablejump2.o)
 .text.libgcc.builtins
                0x00000000        0x0 c:/program files (x86)/atmel/studio/7.0/toolchain/avr8/avr8-gnu-toolchain/bin/../lib/gcc/avr/4.9.2/avr5\libgcc.a(_tablejump2.o)
 .text.libgcc.fmul
                0x00000000        0x0 c:/program files (x86)/atmel/studio/7.0/toolchain/avr8/avr8-gnu-toolchain/bin/../lib/gcc/avr/4.9.2/avr5\libgcc.a(_tablejump2.o)
 .text.libgcc.fixed
                0x00000000        0x0 c:/program files (x86)/atmel/studio/7.0/toolchain/avr8/avr8-gnu-toolchain/bin/../lib/gcc/avr/4.9.2/avr5\libgcc.a(_tablejump2.o)
 .text          0x00000000        0x0 c:/program files (x86)/atmel/studio/7.0/toolchain/avr8/avr8-gnu-toolchain/bin/../lib/gcc/avr/4.9.2/../../../../avr/lib/avr5\libc.a(abort.o)
 .data          0x00000000        0x0 c:/program files (x86)/atmel/studio/7.0/toolchain/avr8/avr8-gnu-toolchain/bin/../lib/gcc/avr/4.9.2/../../../../avr/lib/avr5\libc.a(abort.o)
 .bss           0x00000000        0x0 c:/program files (x86)/atmel/studio/7.0/toolchain/avr8/avr8-gnu-toolchain/bin/../lib/gcc/avr/4.9.2/../../../../avr/lib/avr5\libc.a(abort.o)
 .text.avr-libc
                0x00000000        0xa c:/program files (x86)/atmel/studio/7.0/toolchain/avr8/avr8-gnu-toolchain/bin/../lib/gcc/avr/4.9.2/../../../../avr/lib/avr5\libc.a(abort.o)

Memory Configuration

Name             Origin             Length             Attributes
text             0x00000000         0x00020000         xr
data             0x00800060         0x0000ffa0         rw !x
eeprom           0x00810000         0x00010000         rw !x
fuse             0x00820000         0x00000400         rw !x
lock             0x00830000         0x00000400         rw !x
signature        0x00840000         0x00000400         rw !x
user_signatures  0x00850000         0x00000400         rw !x
*default*        0x00000000         0xffffffff

Linker script and memory map

Address of section .data set to 0x800100
LOAD C:/Program Files (x86)/Atmel/Studio/7.0/Packs/atmel/ATmega_DFP/1.0.106/gcc/dev/atmega328p/avr5/crtatmega328p.o
LOAD Sketch.o
LOAD src/Animation.o
LOAD src/LedCube.o
LOAD src/Transformation.o
START GROUP
LOAD c:/program files (x86)/atmel/studio/7.0/toolchain/avr8/avr8-gnu-toolchain/bin/../lib/gcc/avr/4.9.2/../../../../avr/lib/avr5\libm.a
LOAD C:\Users\virskl\Documents\GitHub\LED-Cube\LedCube\LedCube\ArduinoCore\Debug\libArduinoCore.a
END GROUP
LOAD c:/program files (x86)/atmel/studio/7.0/toolchain/avr8/avr8-gnu-toolchain/bin/../lib/gcc/avr/4.9.2/avr5\libgcc.a
LOAD c:/program files (x86)/atmel/studio/7.0/toolchain/avr8/avr8-gnu-toolchain/bin/../lib/gcc/avr/4.9.2/../../../../avr/lib/avr5\libm.a
START GROUP
LOAD c:/program files (x86)/atmel/studio/7.0/toolchain/avr8/avr8-gnu-toolchain/bin/../lib/gcc/avr/4.9.2/avr5\libgcc.a
LOAD c:/program files (x86)/atmel/studio/7.0/toolchain/avr8/avr8-gnu-toolchain/bin/../lib/gcc/avr/4.9.2/../../../../avr/lib/avr5\libm.a
LOAD c:/program files (x86)/atmel/studio/7.0/toolchain/avr8/avr8-gnu-toolchain/bin/../lib/gcc/avr/4.9.2/../../../../avr/lib/avr5\libc.a
LOAD C:/Program Files (x86)/Atmel/Studio/7.0/Packs/atmel/ATmega_DFP/1.0.106/gcc/dev/atmega328p/avr5\libatmega328p.a
END GROUP
                0x00020000                __TEXT_REGION_LENGTH__ = DEFINED (__TEXT_REGION_LENGTH__)?__TEXT_REGION_LENGTH__:0x20000
                0x0000ffa0                __DATA_REGION_LENGTH__ = DEFINED (__DATA_REGION_LENGTH__)?__DATA_REGION_LENGTH__:0xffa0
                0x00010000                __EEPROM_REGION_LENGTH__ = DEFINED (__EEPROM_REGION_LENGTH__)?__EEPROM_REGION_LENGTH__:0x10000
                0x00000400                __FUSE_REGION_LENGTH__ = DEFINED (__FUSE_REGION_LENGTH__)?__FUSE_REGION_LENGTH__:0x400
                0x00000400                __LOCK_REGION_LENGTH__ = DEFINED (__LOCK_REGION_LENGTH__)?__LOCK_REGION_LENGTH__:0x400
                0x00000400                __SIGNATURE_REGION_LENGTH__ = DEFINED (__SIGNATURE_REGION_LENGTH__)?__SIGNATURE_REGION_LENGTH__:0x400
                0x00000400                __USER_SIGNATURE_REGION_LENGTH__ = DEFINED (__USER_SIGNATURE_REGION_LENGTH__)?__USER_SIGNATURE_REGION_LENGTH__:0x400

.hash
 *(.hash)

.dynsym
 *(.dynsym)

.dynstr
 *(.dynstr)

.gnu.version
 *(.gnu.version)

.gnu.version_d
 *(.gnu.version_d)

.gnu.version_r
 *(.gnu.version_r)

.rel.init
 *(.rel.init)

.rela.init
 *(.rela.init)

.rel.text
 *(.rel.text)
 *(.rel.text.*)
 *(.rel.gnu.linkonce.t*)

.rela.text
 *(.rela.text)
 *(.rela.text.*)
 *(.rela.gnu.linkonce.t*)

.rel.fini
 *(.rel.fini)

.rela.fini
 *(.rela.fini)

.rel.rodata
 *(.rel.rodata)
 *(.rel.rodata.*)
 *(.rel.gnu.linkonce.r*)

.rela.rodata
 *(.rela.rodata)
 *(.rela.rodata.*)
 *(.rela.gnu.linkonce.r*)

.rel.data
 *(.rel.data)
 *(.rel.data.*)
 *(.rel.gnu.linkonce.d*)

.rela.data
 *(.rela.data)
 *(.rela.data.*)
 *(.rela.gnu.linkonce.d*)

.rel.ctors
 *(.rel.ctors)

.rela.ctors
 *(.rela.ctors)

.rel.dtors
 *(.rel.dtors)

.rela.dtors
 *(.rela.dtors)

.rel.got
 *(.rel.got)

.rela.got
 *(.rela.got)

.rel.bss
 *(.rel.bss)

.rela.bss
 *(.rela.bss)

.rel.plt
 *(.rel.plt)

.rela.plt
 *(.rela.plt)

.text           0x00000000     0x17a8
 *(.vectors)
 .vectors       0x00000000       0x68 C:/Program Files (x86)/Atmel/Studio/7.0/Packs/atmel/ATmega_DFP/1.0.106/gcc/dev/atmega328p/avr5/crtatmega328p.o
                0x00000000                __vector_default
                0x00000000                __vectors
 *(.vectors)
 *(.progmem.gcc*)
                0x00000068                . = ALIGN (0x2)
                0x00000068                __trampolines_start = .
 *(.trampolines)
 .trampolines   0x00000068        0x0 linker stubs
 *(.trampolines*)
                0x00000068                __trampolines_end = .
 *libprintf_flt.a:*(.progmem.data)
 *libc.a:*(.progmem.data)
 *(.progmem*)
 .progmem.data._ZL4font
                0x00000068      0x800 Sketch.o
 .progmem.data.digital_pin_to_timer_PGM
                0x00000868       0x14 C:\Users\virskl\Documents\GitHub\LED-Cube\LedCube\LedCube\ArduinoCore\Debug\libArduinoCore.a(wiring_digital.o)
                0x00000868                digital_pin_to_timer_PGM
 .progmem.data.digital_pin_to_bit_mask_PGM
                0x0000087c       0x14 C:\Users\virskl\Documents\GitHub\LED-Cube\LedCube\LedCube\ArduinoCore\Debug\libArduinoCore.a(wiring_digital.o)
                0x0000087c                digital_pin_to_bit_mask_PGM
 .progmem.data.digital_pin_to_port_PGM
                0x00000890       0x14 C:\Users\virskl\Documents\GitHub\LED-Cube\LedCube\LedCube\ArduinoCore\Debug\libArduinoCore.a(wiring_digital.o)
                0x00000890                digital_pin_to_port_PGM
 .progmem.data.port_to_output_PGM
                0x000008a4        0xa C:\Users\virskl\Documents\GitHub\LED-Cube\LedCube\LedCube\ArduinoCore\Debug\libArduinoCore.a(wiring_digital.o)
                0x000008a4                port_to_output_PGM
 .progmem.data.port_to_mode_PGM
                0x000008ae        0xa C:\Users\virskl\Documents\GitHub\LED-Cube\LedCube\LedCube\ArduinoCore\Debug\libArduinoCore.a(wiring_digital.o)
                0x000008ae                port_to_mode_PGM
                0x000008b8                . = ALIGN (0x2)
 *(.jumptables)
 *(.jumptables*)
 *(.lowtext)
 *(.lowtext*)
                0x000008b8                __ctors_start = .
 *(.ctors)
 .ctors         0x000008b8        0x2 Sketch.o
 .ctors         0x000008ba        0x2 C:\Users\virskl\Documents\GitHub\LED-Cube\LedCube\LedCube\ArduinoCore\Debug\libArduinoCore.a(HardwareSerial0.o)
                0x000008bc                __ctors_end = .
                0x000008bc                __dtors_start = .
 *(.dtors)
 .dtors         0x000008bc        0x2 Sketch.o
                0x000008be                __dtors_end = .
 SORT(*)(.ctors)
 SORT(*)(.dtors)
 *(.init0)
 .init0         0x000008be        0x0 C:/Program Files (x86)/Atmel/Studio/7.0/Packs/atmel/ATmega_DFP/1.0.106/gcc/dev/atmega328p/avr5/crtatmega328p.o
                0x000008be                __init
 *(.init0)
 *(.init1)
 *(.init1)
 *(.init2)
 .init2         0x000008be        0xc C:/Program Files (x86)/Atmel/Studio/7.0/Packs/atmel/ATmega_DFP/1.0.106/gcc/dev/atmega328p/avr5/crtatmega328p.o
 *(.init2)
 *(.init3)
 *(.init3)
 *(.init4)
 .init4         0x000008ca       0x16 c:/program files (x86)/atmel/studio/7.0/toolchain/avr8/avr8-gnu-toolchain/bin/../lib/gcc/avr/4.9.2/avr5\libgcc.a(_copy_data.o)
                0x000008ca                __do_copy_data
 .init4         0x000008e0       0x10 c:/program files (x86)/atmel/studio/7.0/toolchain/avr8/avr8-gnu-toolchain/bin/../lib/gcc/avr/4.9.2/avr5\libgcc.a(_clear_bss.o)
                0x000008e0                __do_clear_bss
 *(.init4)
 *(.init5)
 *(.init5)
 *(.init6)
 .init6         0x000008f0       0x16 c:/program files (x86)/atmel/studio/7.0/toolchain/avr8/avr8-gnu-toolchain/bin/../lib/gcc/avr/4.9.2/avr5\libgcc.a(_ctors.o)
                0x000008f0                __do_global_ctors
 *(.init6)
 *(.init7)
 *(.init7)
 *(.init8)
 *(.init8)
 *(.init9)
 .init9         0x00000906        0x8 C:/Program Files (x86)/Atmel/Studio/7.0/Packs/atmel/ATmega_DFP/1.0.106/gcc/dev/atmega328p/avr5/crtatmega328p.o
 *(.init9)
 *(.text)
 .text          0x0000090e        0x4 C:/Program Files (x86)/Atmel/Studio/7.0/Packs/atmel/ATmega_DFP/1.0.106/gcc/dev/atmega328p/avr5/crtatmega328p.o
                0x0000090e                __vector_22
                0x0000090e                __vector_1
                0x0000090e                __vector_24
                0x0000090e                __vector_12
                0x0000090e                __bad_interrupt
                0x0000090e                __vector_6
                0x0000090e                __vector_3
                0x0000090e                __vector_23
                0x0000090e                __vector_25
                0x0000090e                __vector_11
                0x0000090e                __vector_13
                0x0000090e                __vector_17
                0x0000090e                __vector_7
                0x0000090e                __vector_5
                0x0000090e                __vector_4
                0x0000090e                __vector_9
                0x0000090e                __vector_2
                0x0000090e                __vector_21
                0x0000090e                __vector_15
                0x0000090e                __vector_8
                0x0000090e                __vector_14
                0x0000090e                __vector_10
                0x0000090e                __vector_20
                0x00000912                . = ALIGN (0x2)
 *(.text.*)
 .text.loop     0x00000912       0x9e Sketch.o
                0x00000912                loop
 .text._Z7setCharh
                0x000009b0       0x46 Sketch.o
                0x000009b0                _Z7setCharh
 .text.setup    0x000009f6       0x58 Sketch.o
                0x000009f6                setup
 .text.startup._GLOBAL__sub_I_Cube
                0x00000a4e       0x14 Sketch.o
 .text.exit._GLOBAL__sub_D_Cube
                0x00000a62       0x10 Sketch.o
 .text._ZN7LedCubeC2Ev
                0x00000a72       0x40 src/LedCube.o
                0x00000a72                _ZN7LedCubeC2Ev
                0x00000a72                _ZN7LedCubeC1Ev
 .text._ZN7LedCubeD2Ev
                0x00000ab2        0x2 src/LedCube.o
                0x00000ab2                _ZN7LedCubeD2Ev
                0x00000ab2                _ZN7LedCubeD1Ev
 .text._ZN7LedCube5startEv
                0x00000ab4       0x66 src/LedCube.o
                0x00000ab4                _ZN7LedCube5startEv
 .text._ZN7LedCube9clearCubeEv
                0x00000b1a       0x12 src/LedCube.o
                0x00000b1a                _ZN7LedCube9clearCubeEv
 .text._ZN7LedCube4initEv
                0x00000b2c       0x20 src/LedCube.o
                0x00000b2c                _ZN7LedCube4initEv
 .text._ZN7LedCube10setVoxelsXEhhh
                0x00000b4c       0x2a src/LedCube.o
                0x00000b4c                _ZN7LedCube10setVoxelsXEhhh
 .text._ZN7LedCube14setVoxelsYFastEhhh
                0x00000b76       0x7e src/LedCube.o
                0x00000b76                _ZN7LedCube14setVoxelsYFastEhhh
 .text._ZN7LedCube17setNextFrameReadyEv
                0x00000bf4       0x18 src/LedCube.o
                0x00000bf4                _ZN7LedCube17setNextFrameReadyEv
 .text._ZN7LedCube23setNextFrameTimeElapsedEv
                0x00000c0c       0x18 src/LedCube.o
                0x00000c0c                _ZN7LedCube23setNextFrameTimeElapsedEv
 .text._ZN7LedCube8sendDataEh
                0x00000c24       0x28 src/LedCube.o
                0x00000c24                _ZN7LedCube8sendDataEh
 .text._ZN7LedCube9showLayerEh
                0x00000c4c       0x6c src/LedCube.o
                0x00000c4c                _ZN7LedCube9showLayerEh
 .text._ZN7LedCube4taskEv
                0x00000cb8       0x56 src/LedCube.o
                0x00000cb8                _ZN7LedCube4taskEv
 .text._ZN7LedCube14writeVoxelFastEhhhb.isra.0
                0x00000d0e       0x76 src/Transformation.o
 .text._ZN14TransformationC2EP7LedCube
                0x00000d84        0x8 src/Transformation.o
                0x00000d84                _ZN14TransformationC2EP7LedCube
                0x00000d84                _ZN14TransformationC1EP7LedCube
 .text._ZN14TransformationD2Ev
                0x00000d8c        0x2 src/Transformation.o
                0x00000d8c                _ZN14TransformationD2Ev
                0x00000d8c                _ZN14TransformationD1Ev
 .text._ZN14Transformation11shiftCircleE15LedCubeAxisType35TransformationRotationDirectionTypeh
                0x00000d8e      0x384 src/Transformation.o
                0x00000d8e                _ZN14Transformation11shiftCircleE15LedCubeAxisType35TransformationRotationDirectionTypeh
 .text.__vector_18
                0x00001112       0x64 C:\Users\virskl\Documents\GitHub\LED-Cube\LedCube\LedCube\ArduinoCore\Debug\libArduinoCore.a(HardwareSerial0.o)
                0x00001112                __vector_18
 .text.__vector_19
                0x00001176       0x4c C:\Users\virskl\Documents\GitHub\LED-Cube\LedCube\LedCube\ArduinoCore\Debug\libArduinoCore.a(HardwareSerial0.o)
                0x00001176                __vector_19
 .text._Z17Serial0_availablev
                0x000011c2       0x14 C:\Users\virskl\Documents\GitHub\LED-Cube\LedCube\LedCube\ArduinoCore\Debug\libArduinoCore.a(HardwareSerial0.o)
                0x000011c2                _Z17Serial0_availablev
 .text.startup._GLOBAL__sub_I___vector_18
                0x000011d6       0x5a C:\Users\virskl\Documents\GitHub\LED-Cube\LedCube\LedCube\ArduinoCore\Debug\libArduinoCore.a(HardwareSerial0.o)
 .text.initVariant
                0x00001230        0x2 C:\Users\virskl\Documents\GitHub\LED-Cube\LedCube\LedCube\ArduinoCore\Debug\libArduinoCore.a(main.o)
                0x00001230                initVariant
 .text.startup.main
                0x00001232       0x1e C:\Users\virskl\Documents\GitHub\LED-Cube\LedCube\LedCube\ArduinoCore\Debug\libArduinoCore.a(main.o)
                0x00001232                main
 .text._ZN5Print5writeEPKhj
                0x00001250       0x50 C:\Users\virskl\Documents\GitHub\LED-Cube\LedCube\LedCube\ArduinoCore\Debug\libArduinoCore.a(Print.o)
                0x00001250                _ZN5Print5writeEPKhj
 .text._ZN5Print5writeEPKc
                0x000012a0       0x2a C:\Users\virskl\Documents\GitHub\LED-Cube\LedCube\LedCube\ArduinoCore\Debug\libArduinoCore.a(Print.o)
                0x000012a0                _ZN5Print5writeEPKc
 .text._ZN5Print5printEc
                0x000012ca        0xe C:\Users\virskl\Documents\GitHub\LED-Cube\LedCube\LedCube\ArduinoCore\Debug\libArduinoCore.a(Print.o)
                0x000012ca                _ZN5Print5printEc
 .text._ZN5Print7printlnEv
                0x000012d8       0x28 C:\Users\virskl\Documents\GitHub\LED-Cube\LedCube\LedCube\ArduinoCore\Debug\libArduinoCore.a(Print.o)
                0x000012d8                _ZN5Print7printlnEv
 .text._ZN5Print7printlnEPKc
                0x00001300       0x24 C:\Users\virskl\Documents\GitHub\LED-Cube\LedCube\LedCube\ArduinoCore\Debug\libArduinoCore.a(Print.o)
                0x00001300                _ZN5Print7printlnEPKc
 .text.__vector_16
                0x00001324       0x94 C:\Users\virskl\Documents\GitHub\LED-Cube\LedCube\LedCube\ArduinoCore\Debug\libArduinoCore.a(wiring.o)
                0x00001324                __vector_16
 .text.micros   0x000013b8       0x4a C:\Users\virskl\Documents\GitHub\LED-Cube\LedCube\LedCube\ArduinoCore\Debug\libArduinoCore.a(wiring.o)
                0x000013b8                micros
 .text.delay    0x00001402       0x50 C:\Users\virskl\Documents\GitHub\LED-Cube\LedCube\LedCube\ArduinoCore\Debug\libArduinoCore.a(wiring.o)
                0x00001402                delay
 .text.init     0x00001452       0x76 C:\Users\virskl\Documents\GitHub\LED-Cube\LedCube\LedCube\ArduinoCore\Debug\libArduinoCore.a(wiring.o)
                0x00001452                init
 .text.turnOffPWM
                0x000014c8       0x52 C:\Users\virskl\Documents\GitHub\LED-Cube\LedCube\LedCube\ArduinoCore\Debug\libArduinoCore.a(wiring_digital.o)
 .text.pinMode  0x0000151a       0x78 C:\Users\virskl\Documents\GitHub\LED-Cube\LedCube\LedCube\ArduinoCore\Debug\libArduinoCore.a(wiring_digital.o)
                0x0000151a                pinMode
 .text.digitalWrite
                0x00001592       0x60 C:\Users\virskl\Documents\GitHub\LED-Cube\LedCube\LedCube\ArduinoCore\Debug\libArduinoCore.a(wiring_digital.o)
                0x00001592                digitalWrite
 .text._ZN14HardwareSerial9availableEv
                0x000015f2       0x18 C:\Users\virskl\Documents\GitHub\LED-Cube\LedCube\LedCube\ArduinoCore\Debug\libArduinoCore.a(HardwareSerial.o)
                0x000015f2                _ZN14HardwareSerial9availableEv
 .text._ZN14HardwareSerial4peekEv
                0x0000160a       0x1c C:\Users\virskl\Documents\GitHub\LED-Cube\LedCube\LedCube\ArduinoCore\Debug\libArduinoCore.a(HardwareSerial.o)
                0x0000160a                _ZN14HardwareSerial4peekEv
 .text._ZN14HardwareSerial4readEv
                0x00001626       0x28 C:\Users\virskl\Documents\GitHub\LED-Cube\LedCube\LedCube\ArduinoCore\Debug\libArduinoCore.a(HardwareSerial.o)
                0x00001626                _ZN14HardwareSerial4readEv
 .text._Z14serialEventRunv
                0x0000164e       0x1c C:\Users\virskl\Documents\GitHub\LED-Cube\LedCube\LedCube\ArduinoCore\Debug\libArduinoCore.a(HardwareSerial.o)
                0x0000164e                _Z14serialEventRunv
 .text._ZN14HardwareSerial17_tx_udr_empty_irqEv
                0x0000166a       0x42 C:\Users\virskl\Documents\GitHub\LED-Cube\LedCube\LedCube\ArduinoCore\Debug\libArduinoCore.a(HardwareSerial.o)
                0x0000166a                _ZN14HardwareSerial17_tx_udr_empty_irqEv
 .text._ZN14HardwareSerial5flushEv
                0x000016ac       0x44 C:\Users\virskl\Documents\GitHub\LED-Cube\LedCube\LedCube\ArduinoCore\Debug\libArduinoCore.a(HardwareSerial.o)
                0x000016ac                _ZN14HardwareSerial5flushEv
 .text._ZN14HardwareSerial5writeEh
                0x000016f0       0x90 C:\Users\virskl\Documents\GitHub\LED-Cube\LedCube\LedCube\ArduinoCore\Debug\libArduinoCore.a(HardwareSerial.o)
                0x000016f0                _ZN14HardwareSerial5writeEh
 .text.__empty  0x00001780        0x2 C:\Users\virskl\Documents\GitHub\LED-Cube\LedCube\LedCube\ArduinoCore\Debug\libArduinoCore.a(hooks.o)
                0x00001780                yield
 .text.libgcc   0x00001782        0xc c:/program files (x86)/atmel/studio/7.0/toolchain/avr8/avr8-gnu-toolchain/bin/../lib/gcc/avr/4.9.2/avr5\libgcc.a(_tablejump2.o)
                0x00001782                __tablejump2__
                0x0000178e                . = ALIGN (0x2)
 *(.fini9)
 .fini9         0x0000178e        0x0 c:/program files (x86)/atmel/studio/7.0/toolchain/avr8/avr8-gnu-toolchain/bin/../lib/gcc/avr/4.9.2/avr5\libgcc.a(_exit.o)
                0x0000178e                _exit
                0x0000178e                exit
 *(.fini9)
 *(.fini8)
 *(.fini8)
 *(.fini7)
 *(.fini7)
 *(.fini6)
 .fini6         0x0000178e       0x16 c:/program files (x86)/atmel/studio/7.0/toolchain/avr8/avr8-gnu-toolchain/bin/../lib/gcc/avr/4.9.2/avr5\libgcc.a(_dtors.o)
                0x0000178e                __do_global_dtors
 *(.fini6)
 *(.fini5)
 *(.fini5)
 *(.fini4)
 *(.fini4)
 *(.fini3)
 *(.fini3)
 *(.fini2)
 *(.fini2)
 *(.fini1)
 *(.fini1)
 *(.fini0)
 .fini0         0x000017a4        0x4 c:/program files (x86)/atmel/studio/7.0/toolchain/avr8/avr8-gnu-toolchain/bin/../lib/gcc/avr/4.9.2/avr5\libgcc.a(_exit.o)
 *(.fini0)
                0x000017a8                _etext = .

.data           0x00800100       0x2e load address 0x000017a8
                0x00800100                PROVIDE (__data_start, .)
 *(.data)
 *(.data*)
 *(.rodata)
 .rodata        0x00800100       0x1e src/LedCube.o
 *(.rodata*)
 .rodata._ZTV14HardwareSerial
                0x0080011e       0x10 C:\Users\virskl\Documents\GitHub\LED-Cube\LedCube\LedCube\ArduinoCore\Debug\libArduinoCore.a(HardwareSerial.o)
                0x0080011e                _ZTV14HardwareSerial
 *(.gnu.linkonce.d*)
                0x0080012e                . = ALIGN (0x2)
                0x0080012e                _edata = .
                0x0080012e                PROVIDE (__data_end, .)

.bss            0x0080012e      0x133
                0x0080012e                PROVIDE (__bss_start, .)
 *(.bss)
 *(.bss*)
 .bss.CharCounter
                0x0080012e        0x1 Sketch.o
                0x0080012e                CharCounter
 .bss.Counter   0x0080012f        0x2 Sketch.o
                0x0080012f                Counter
 .bss.CubeTrans
                0x00800131        0x2 Sketch.o
                0x00800131                CubeTrans
 .bss.Cube      0x00800133       0x88 Sketch.o
                0x00800133                Cube
 .bss.Serial    0x008001bb       0x9d C:\Users\virskl\Documents\GitHub\LED-Cube\LedCube\LedCube\ArduinoCore\Debug\libArduinoCore.a(HardwareSerial0.o)
                0x008001bb                Serial
 .bss.timer0_fract
                0x00800258        0x1 C:\Users\virskl\Documents\GitHub\LED-Cube\LedCube\LedCube\ArduinoCore\Debug\libArduinoCore.a(wiring.o)
 .bss.timer0_millis
                0x00800259        0x4 C:\Users\virskl\Documents\GitHub\LED-Cube\LedCube\LedCube\ArduinoCore\Debug\libArduinoCore.a(wiring.o)
                0x00800259                timer0_millis
 .bss.timer0_overflow_count
                0x0080025d        0x4 C:\Users\virskl\Documents\GitHub\LED-Cube\LedCube\LedCube\ArduinoCore\Debug\libArduinoCore.a(wiring.o)
                0x0080025d                timer0_overflow_count
 *(COMMON)
                0x00800261                PROVIDE (__bss_end, .)
                0x000017a8                __data_load_start = LOADADDR (.data)
                0x000017d6                __data_load_end = (__data_load_start + SIZEOF (.data))

.noinit         0x00800261        0x0
                [!provide]                PROVIDE (__noinit_start, .)
 *(.noinit*)
                [!provide]                PROVIDE (__noinit_end, .)
                0x00800261                _end = .
                [!provide]                PROVIDE (__heap_start, .)

.eeprom         0x00810000        0x0
 *(.eeprom*)
                0x00810000                __eeprom_end = .

.fuse
 *(.fuse)
 *(.lfuse)
 *(.hfuse)
 *(.efuse)

.lock
 *(.lock*)

.signature
 *(.signature*)

.user_signatures
 *(.user_signatures*)

.stab
 *(.stab)

.stabstr
 *(.stabstr)

.stab.excl
 *(.stab.excl)

.stab.exclstr
 *(.stab.exclstr)

.stab.index
 *(.stab.index)

.stab.indexstr
 *(.stab.indexstr)

.comment        0x00000000       0x60
 *(.comment)
 .comment       0x00000000       0x30 Sketch.o
                                 0x31 (size before relaxing)
 .comment       0x00000030       0x31 src/LedCube.o
 .comment       0x00000030       0x31 src/Transformation.o
 .comment       0x00000030       0x30 C:\Users\virskl\Documents\GitHub\LED-Cube\LedCube\LedCube\ArduinoCore\Debug\libArduinoCore.a(HardwareSerial0.o)
                                 0x31 (size before relaxing)
 .comment       0x00000060       0x31 C:\Users\virskl\Documents\GitHub\LED-Cube\LedCube\LedCube\ArduinoCore\Debug\libArduinoCore.a(main.o)
 .comment       0x00000060       0x31 C:\Users\virskl\Documents\GitHub\LED-Cube\LedCube\LedCube\ArduinoCore\Debug\libArduinoCore.a(Print.o)
 .comment       0x00000060       0x31 C:\Users\virskl\Documents\GitHub\LED-Cube\LedCube\LedCube\ArduinoCore\Debug\libArduinoCore.a(wiring.o)
 .comment       0x00000060       0x31 C:\Users\virskl\Documents\GitHub\LED-Cube\LedCube\LedCube\ArduinoCore\Debug\libArduinoCore.a(wiring_digital.o)
 .comment       0x00000060       0x31 C:\Users\virskl\Documents\GitHub\LED-Cube\LedCube\LedCube\ArduinoCore\Debug\libArduinoCore.a(HardwareSerial.o)
 .comment       0x00000060       0x31 C:\Users\virskl\Documents\GitHub\LED-Cube\LedCube\LedCube\ArduinoCore\Debug\libArduinoCore.a(hooks.o)

.note.gnu.avr.deviceinfo
                0x00000000       0x40
 .note.gnu.avr.deviceinfo
                0x00000000       0x40 C:/Program Files (x86)/Atmel/Studio/7.0/Packs/atmel/ATmega_DFP/1.0.106/gcc/dev/atmega328p/avr5/crtatmega328p.o

.note.gnu.build-id
 *(.note.gnu.build-id)

.debug
 *(.debug)

.line
 *(.line)

.debug_srcinfo
 *(.debug_srcinfo)

.debug_sfnames
 *(.debug_sfnames)

.debug_aranges  0x00000000      0x418
 *(.debug_aranges)
 .debug_aranges
                0x00000000       0x40 Sketch.o
 .debug_aranges
                0x00000040      0x100 src/LedCube.o
 .debug_aranges
                0x00000140       0x78 src/Transformation.o
 .debug_aranges
                0x000001b8       0x38 C:\Users\virskl\Documents\GitHub\LED-Cube\LedCube\LedCube\ArduinoCore\Debug\libArduinoCore.a(HardwareSerial0.o)
 .debug_aranges
                0x000001f0       0x30 C:\Users\virskl\Documents\GitHub\LED-Cube\LedCube\LedCube\ArduinoCore\Debug\libArduinoCore.a(main.o)
 .debug_aranges
                0x00000220       0xf0 C:\Users\virskl\Documents\GitHub\LED-Cube\LedCube\LedCube\ArduinoCore\Debug\libArduinoCore.a(Print.o)
 .debug_aranges
                0x00000310       0x48 C:\Users\virskl\Documents\GitHub\LED-Cube\LedCube\LedCube\ArduinoCore\Debug\libArduinoCore.a(wiring.o)
 .debug_aranges
                0x00000358       0x38 C:\Users\virskl\Documents\GitHub\LED-Cube\LedCube\LedCube\ArduinoCore\Debug\libArduinoCore.a(wiring_digital.o)
 .debug_aranges
                0x00000390       0x68 C:\Users\virskl\Documents\GitHub\LED-Cube\LedCube\LedCube\ArduinoCore\Debug\libArduinoCore.a(HardwareSerial.o)
 .debug_aranges
                0x000003f8       0x20 C:\Users\virskl\Documents\GitHub\LED-Cube\LedCube\LedCube\ArduinoCore\Debug\libArduinoCore.a(hooks.o)

.debug_pubnames
 *(.debug_pubnames)

.debug_info     0x00000000     0x9e27
 *(.debug_info .gnu.linkonce.wi.*)
 .debug_info    0x00000000     0x1000 Sketch.o
 .debug_info    0x00001000     0x13da src/LedCube.o
 .debug_info    0x000023da     0x172f src/Transformation.o
 .debug_info    0x00003b09     0x16a5 C:\Users\virskl\Documents\GitHub\LED-Cube\LedCube\LedCube\ArduinoCore\Debug\libArduinoCore.a(HardwareSerial0.o)
 .debug_info    0x000051ae      0x1f0 C:\Users\virskl\Documents\GitHub\LED-Cube\LedCube\LedCube\ArduinoCore\Debug\libArduinoCore.a(main.o)
 .debug_info    0x0000539e     0x271c C:\Users\virskl\Documents\GitHub\LED-Cube\LedCube\LedCube\ArduinoCore\Debug\libArduinoCore.a(Print.o)
 .debug_info    0x00007aba      0x2bd C:\Users\virskl\Documents\GitHub\LED-Cube\LedCube\LedCube\ArduinoCore\Debug\libArduinoCore.a(wiring.o)
 .debug_info    0x00007d77      0x5f9 C:\Users\virskl\Documents\GitHub\LED-Cube\LedCube\LedCube\ArduinoCore\Debug\libArduinoCore.a(wiring_digital.o)
 .debug_info    0x00008370     0x1a79 C:\Users\virskl\Documents\GitHub\LED-Cube\LedCube\LedCube\ArduinoCore\Debug\libArduinoCore.a(HardwareSerial.o)
 .debug_info    0x00009de9       0x3e C:\Users\virskl\Documents\GitHub\LED-Cube\LedCube\LedCube\ArduinoCore\Debug\libArduinoCore.a(hooks.o)

.debug_abbrev   0x00000000     0x17cb
 *(.debug_abbrev)
 .debug_abbrev  0x00000000      0x295 Sketch.o
 .debug_abbrev  0x00000295      0x3ab src/LedCube.o
 .debug_abbrev  0x00000640      0x27f src/Transformation.o
 .debug_abbrev  0x000008bf      0x344 C:\Users\virskl\Documents\GitHub\LED-Cube\LedCube\LedCube\ArduinoCore\Debug\libArduinoCore.a(HardwareSerial0.o)
 .debug_abbrev  0x00000c03       0xd7 C:\Users\virskl\Documents\GitHub\LED-Cube\LedCube\LedCube\ArduinoCore\Debug\libArduinoCore.a(main.o)
 .debug_abbrev  0x00000cda      0x436 C:\Users\virskl\Documents\GitHub\LED-Cube\LedCube\LedCube\ArduinoCore\Debug\libArduinoCore.a(Print.o)
 .debug_abbrev  0x00001110      0x145 C:\Users\virskl\Documents\GitHub\LED-Cube\LedCube\LedCube\ArduinoCore\Debug\libArduinoCore.a(wiring.o)
 .debug_abbrev  0x00001255      0x15b C:\Users\virskl\Documents\GitHub\LED-Cube\LedCube\LedCube\ArduinoCore\Debug\libArduinoCore.a(wiring_digital.o)
 .debug_abbrev  0x000013b0      0x3f1 C:\Users\virskl\Documents\GitHub\LED-Cube\LedCube\LedCube\ArduinoCore\Debug\libArduinoCore.a(HardwareSerial.o)
 .debug_abbrev  0x000017a1       0x2a C:\Users\virskl\Documents\GitHub\LED-Cube\LedCube\LedCube\ArduinoCore\Debug\libArduinoCore.a(hooks.o)

.debug_line     0x00000000     0x24df
 *(.debug_line .debug_line.* .debug_line_end)
 .debug_line    0x00000000      0x26e Sketch.o
 .debug_line    0x0000026e      0x8df src/LedCube.o
 .debug_line    0x00000b4d      0x67a src/Transformation.o
 .debug_line    0x000011c7      0x257 C:\Users\virskl\Documents\GitHub\LED-Cube\LedCube\LedCube\ArduinoCore\Debug\libArduinoCore.a(HardwareSerial0.o)
 .debug_line    0x0000141e      0x159 C:\Users\virskl\Documents\GitHub\LED-Cube\LedCube\LedCube\ArduinoCore\Debug\libArduinoCore.a(main.o)
 .debug_line    0x00001577      0x622 C:\Users\virskl\Documents\GitHub\LED-Cube\LedCube\LedCube\ArduinoCore\Debug\libArduinoCore.a(Print.o)
 .debug_line    0x00001b99      0x28f C:\Users\virskl\Documents\GitHub\LED-Cube\LedCube\LedCube\ArduinoCore\Debug\libArduinoCore.a(wiring.o)
 .debug_line    0x00001e28      0x252 C:\Users\virskl\Documents\GitHub\LED-Cube\LedCube\LedCube\ArduinoCore\Debug\libArduinoCore.a(wiring_digital.o)
 .debug_line    0x0000207a      0x424 C:\Users\virskl\Documents\GitHub\LED-Cube\LedCube\LedCube\ArduinoCore\Debug\libArduinoCore.a(HardwareSerial.o)
 .debug_line    0x0000249e       0x41 C:\Users\virskl\Documents\GitHub\LED-Cube\LedCube\LedCube\ArduinoCore\Debug\libArduinoCore.a(hooks.o)

.debug_frame    0x00000000      0xd84
 *(.debug_frame)
 .debug_frame   0x00000000       0x80 Sketch.o
 .debug_frame   0x00000080      0x398 src/LedCube.o
 .debug_frame   0x00000418      0x258 src/Transformation.o
 .debug_frame   0x00000670       0xc0 C:\Users\virskl\Documents\GitHub\LED-Cube\LedCube\LedCube\ArduinoCore\Debug\libArduinoCore.a(HardwareSerial0.o)
 .debug_frame   0x00000730       0x44 C:\Users\virskl\Documents\GitHub\LED-Cube\LedCube\LedCube\ArduinoCore\Debug\libArduinoCore.a(main.o)
 .debug_frame   0x00000774      0x3b0 C:\Users\virskl\Documents\GitHub\LED-Cube\LedCube\LedCube\ArduinoCore\Debug\libArduinoCore.a(Print.o)
 .debug_frame   0x00000b24       0xbc C:\Users\virskl\Documents\GitHub\LED-Cube\LedCube\LedCube\ArduinoCore\Debug\libArduinoCore.a(wiring.o)
 .debug_frame   0x00000be0       0x7c C:\Users\virskl\Documents\GitHub\LED-Cube\LedCube\LedCube\ArduinoCore\Debug\libArduinoCore.a(wiring_digital.o)
 .debug_frame   0x00000c5c      0x104 C:\Users\virskl\Documents\GitHub\LED-Cube\LedCube\LedCube\ArduinoCore\Debug\libArduinoCore.a(HardwareSerial.o)
 .debug_frame   0x00000d60       0x24 C:\Users\virskl\Documents\GitHub\LED-Cube\LedCube\LedCube\ArduinoCore\Debug\libArduinoCore.a(hooks.o)

.debug_str      0x00000000     0x2478
 *(.debug_str)
 .debug_str     0x00000000      0xdeb Sketch.o
                                0xf3e (size before relaxing)
 .debug_str     0x00000deb       0xa7 src/LedCube.o
                                0xa40 (size before relaxing)
 .debug_str     0x00000e92       0x7b src/Transformation.o
                                0xedc (size before relaxing)
 .debug_str     0x00000f0d      0xce1 C:\Users\virskl\Documents\GitHub\LED-Cube\LedCube\LedCube\ArduinoCore\Debug\libArduinoCore.a(HardwareSerial0.o)
                                0xf7d (size before relaxing)
 .debug_str     0x00001bee       0x55 C:\Users\virskl\Documents\GitHub\LED-Cube\LedCube\LedCube\ArduinoCore\Debug\libArduinoCore.a(main.o)
                                0x249 (size before relaxing)
 .debug_str     0x00001c43      0x38b C:\Users\virskl\Documents\GitHub\LED-Cube\LedCube\LedCube\ArduinoCore\Debug\libArduinoCore.a(Print.o)
                                0xe7a (size before relaxing)
 .debug_str     0x00001fce      0x140 C:\Users\virskl\Documents\GitHub\LED-Cube\LedCube\LedCube\ArduinoCore\Debug\libArduinoCore.a(wiring.o)
                                0x22c (size before relaxing)
 .debug_str     0x0000210e       0xc7 C:\Users\virskl\Documents\GitHub\LED-Cube\LedCube\LedCube\ArduinoCore\Debug\libArduinoCore.a(wiring_digital.o)
                                0x29a (size before relaxing)
 .debug_str     0x000021d5      0x287 C:\Users\virskl\Documents\GitHub\LED-Cube\LedCube\LedCube\ArduinoCore\Debug\libArduinoCore.a(HardwareSerial.o)
                               0x1183 (size before relaxing)
 .debug_str     0x0000245c       0x1c C:\Users\virskl\Documents\GitHub\LED-Cube\LedCube\LedCube\ArduinoCore\Debug\libArduinoCore.a(hooks.o)
                                0x12a (size before relaxing)

.debug_loc      0x00000000     0x534e
 *(.debug_loc)
 .debug_loc     0x00000000      0x11b Sketch.o
 .debug_loc     0x0000011b     0x1357 src/LedCube.o
 .debug_loc     0x00001472     0x1184 src/Transformation.o
 .debug_loc     0x000025f6      0x161 C:\Users\virskl\Documents\GitHub\LED-Cube\LedCube\LedCube\ArduinoCore\Debug\libArduinoCore.a(HardwareSerial0.o)
 .debug_loc     0x00002757       0x26 C:\Users\virskl\Documents\GitHub\LED-Cube\LedCube\LedCube\ArduinoCore\Debug\libArduinoCore.a(main.o)
 .debug_loc     0x0000277d     0x1f4b C:\Users\virskl\Documents\GitHub\LED-Cube\LedCube\LedCube\ArduinoCore\Debug\libArduinoCore.a(Print.o)
 .debug_loc     0x000046c8      0x249 C:\Users\virskl\Documents\GitHub\LED-Cube\LedCube\LedCube\ArduinoCore\Debug\libArduinoCore.a(wiring.o)
 .debug_loc     0x00004911      0x5e3 C:\Users\virskl\Documents\GitHub\LED-Cube\LedCube\LedCube\ArduinoCore\Debug\libArduinoCore.a(wiring_digital.o)
 .debug_loc     0x00004ef4      0x45a C:\Users\virskl\Documents\GitHub\LED-Cube\LedCube\LedCube\ArduinoCore\Debug\libArduinoCore.a(HardwareSerial.o)

.debug_macinfo
 *(.debug_macinfo)

.debug_weaknames
 *(.debug_weaknames)

.debug_funcnames
 *(.debug_funcnames)

.debug_typenames
 *(.debug_typenames)

.debug_varnames
 *(.debug_varnames)

.debug_pubtypes
 *(.debug_pubtypes)

.debug_ranges   0x00000000      0x5d0
 *(.debug_ranges)
 .debug_ranges  0x00000000       0x30 Sketch.o
 .debug_ranges  0x00000030      0x198 src/LedCube.o
 .debug_ranges  0x000001c8      0x1b8 src/Transformation.o
 .debug_ranges  0x00000380       0x28 C:\Users\virskl\Documents\GitHub\LED-Cube\LedCube\LedCube\ArduinoCore\Debug\libArduinoCore.a(HardwareSerial0.o)
 .debug_ranges  0x000003a8       0x20 C:\Users\virskl\Documents\GitHub\LED-Cube\LedCube\LedCube\ArduinoCore\Debug\libArduinoCore.a(main.o)
 .debug_ranges  0x000003c8      0x128 C:\Users\virskl\Documents\GitHub\LED-Cube\LedCube\LedCube\ArduinoCore\Debug\libArduinoCore.a(Print.o)
 .debug_ranges  0x000004f0       0x38 C:\Users\virskl\Documents\GitHub\LED-Cube\LedCube\LedCube\ArduinoCore\Debug\libArduinoCore.a(wiring.o)
 .debug_ranges  0x00000528       0x28 C:\Users\virskl\Documents\GitHub\LED-Cube\LedCube\LedCube\ArduinoCore\Debug\libArduinoCore.a(wiring_digital.o)
 .debug_ranges  0x00000550       0x70 C:\Users\virskl\Documents\GitHub\LED-Cube\LedCube\LedCube\ArduinoCore\Debug\libArduinoCore.a(HardwareSerial.o)
 .debug_ranges  0x000005c0       0x10 C:\Users\virskl\Documents\GitHub\LED-Cube\LedCube\LedCube\ArduinoCore\Debug\libArduinoCore.a(hooks.o)

.debug_macro
 *(.debug_macro)
OUTPUT(LedCube.elf elf32-avr)
LOAD linker stubs
