Archive member included to satisfy reference by file (symbol)

C:\Users\virskl\Documents\GitHub\LED-Cube\LedCube\LedCube\ArduinoCore\Debug\libArduinoCore.a(main.o)
                              C:/Program Files (x86)/Atmel/Studio/7.0/Packs/atmel/ATmega_DFP/1.0.106/gcc/dev/atmega328p/avr5/crtatmega328p.o (main)
C:\Users\virskl\Documents\GitHub\LED-Cube\LedCube\LedCube\ArduinoCore\Debug\libArduinoCore.a(wiring.o)
                              Sketch.o (delay)
C:\Users\virskl\Documents\GitHub\LED-Cube\LedCube\LedCube\ArduinoCore\Debug\libArduinoCore.a(wiring_digital.o)
                              src/LedCube.o (pinMode)
C:\Users\virskl\Documents\GitHub\LED-Cube\LedCube\LedCube\ArduinoCore\Debug\libArduinoCore.a(hooks.o)
                              C:\Users\virskl\Documents\GitHub\LED-Cube\LedCube\LedCube\ArduinoCore\Debug\libArduinoCore.a(wiring.o) (yield)
c:/program files (x86)/atmel/studio/7.0/toolchain/avr8/avr8-gnu-toolchain/bin/../lib/gcc/avr/4.9.2/avr5\libgcc.a(_exit.o)
                              C:/Program Files (x86)/Atmel/Studio/7.0/Packs/atmel/ATmega_DFP/1.0.106/gcc/dev/atmega328p/avr5/crtatmega328p.o (exit)
c:/program files (x86)/atmel/studio/7.0/toolchain/avr8/avr8-gnu-toolchain/bin/../lib/gcc/avr/4.9.2/avr5\libgcc.a(_clear_bss.o)
                              Sketch.o (__do_clear_bss)
c:/program files (x86)/atmel/studio/7.0/toolchain/avr8/avr8-gnu-toolchain/bin/../lib/gcc/avr/4.9.2/avr5\libgcc.a(_ctors.o)
                              Sketch.o (__do_global_ctors)
c:/program files (x86)/atmel/studio/7.0/toolchain/avr8/avr8-gnu-toolchain/bin/../lib/gcc/avr/4.9.2/avr5\libgcc.a(_dtors.o)
                              Sketch.o (__do_global_dtors)
c:/program files (x86)/atmel/studio/7.0/toolchain/avr8/avr8-gnu-toolchain/bin/../lib/gcc/avr/4.9.2/avr5\libgcc.a(_tablejump2.o)
                              c:/program files (x86)/atmel/studio/7.0/toolchain/avr8/avr8-gnu-toolchain/bin/../lib/gcc/avr/4.9.2/avr5\libgcc.a(_ctors.o) (__tablejump2__)

Discarded input sections

 .data          0x00000000        0x0 C:/Program Files (x86)/Atmel/Studio/7.0/Packs/atmel/ATmega_DFP/1.0.106/gcc/dev/atmega328p/avr5/crtatmega328p.o
 .bss           0x00000000        0x0 C:/Program Files (x86)/Atmel/Studio/7.0/Packs/atmel/ATmega_DFP/1.0.106/gcc/dev/atmega328p/avr5/crtatmega328p.o
 .text          0x00000000        0x0 Sketch.o
 .data          0x00000000        0x0 Sketch.o
 .bss           0x00000000        0x0 Sketch.o
 .text          0x00000000        0x0 src/Animation.o
 .data          0x00000000        0x0 src/Animation.o
 .bss           0x00000000        0x0 src/Animation.o
 .text._ZN9AnimationC2Ev
                0x00000000        0x2 src/Animation.o
 .text._ZN9AnimationD2Ev
                0x00000000        0x2 src/Animation.o
 .debug_info    0x00000000      0x112 src/Animation.o
 .debug_abbrev  0x00000000       0xbe src/Animation.o
 .debug_aranges
                0x00000000       0x28 src/Animation.o
 .debug_ranges  0x00000000       0x18 src/Animation.o
 .debug_line    0x00000000       0x68 src/Animation.o
 .debug_str     0x00000000      0x199 src/Animation.o
 .comment       0x00000000       0x31 src/Animation.o
 .debug_frame   0x00000000       0x34 src/Animation.o
 .text          0x00000000        0x0 src/LedCube.o
 .data          0x00000000        0x0 src/LedCube.o
 .bss           0x00000000        0x0 src/LedCube.o
 .text._ZN7LedCube10clearVoxelEhhh
                0x00000000       0x52 src/LedCube.o
 .text._ZN7LedCube10writeVoxelEhhhb
                0x00000000       0xa2 src/LedCube.o
 .text._ZN7LedCube8getVoxelEhhhPb
                0x00000000       0x50 src/LedCube.o
 .text._ZN7LedCube17setNextFrameReadyEv
                0x00000000       0x14 src/LedCube.o
 .text._ZN7LedCube13showNextFrameEv
                0x00000000       0x24 src/LedCube.o
 .text._ZN7LedCube19switchBufferPointerEv
                0x00000000       0x14 src/LedCube.o
 .text          0x00000000        0x0 src/Transformation.o
 .data          0x00000000        0x0 src/Transformation.o
 .bss           0x00000000        0x0 src/Transformation.o
 .text._ZN14TransformationC2Ev
                0x00000000        0x2 src/Transformation.o
 .text._ZN14TransformationD2Ev
                0x00000000        0x2 src/Transformation.o
 .debug_info    0x00000000      0x3ca src/Transformation.o
 .debug_abbrev  0x00000000      0x130 src/Transformation.o
 .debug_aranges
                0x00000000       0x28 src/Transformation.o
 .debug_ranges  0x00000000       0x18 src/Transformation.o
 .debug_line    0x00000000      0x160 src/Transformation.o
 .debug_str     0x00000000      0x622 src/Transformation.o
 .comment       0x00000000       0x31 src/Transformation.o
 .debug_frame   0x00000000       0x34 src/Transformation.o
 .text          0x00000000        0x0 C:\Users\virskl\Documents\GitHub\LED-Cube\LedCube\LedCube\ArduinoCore\Debug\libArduinoCore.a(main.o)
 .data          0x00000000        0x0 C:\Users\virskl\Documents\GitHub\LED-Cube\LedCube\LedCube\ArduinoCore\Debug\libArduinoCore.a(main.o)
 .bss           0x00000000        0x0 C:\Users\virskl\Documents\GitHub\LED-Cube\LedCube\LedCube\ArduinoCore\Debug\libArduinoCore.a(main.o)
 .text.atexit   0x00000000        0x6 C:\Users\virskl\Documents\GitHub\LED-Cube\LedCube\LedCube\ArduinoCore\Debug\libArduinoCore.a(main.o)
 .text          0x00000000        0x0 C:\Users\virskl\Documents\GitHub\LED-Cube\LedCube\LedCube\ArduinoCore\Debug\libArduinoCore.a(wiring.o)
 .data          0x00000000        0x0 C:\Users\virskl\Documents\GitHub\LED-Cube\LedCube\LedCube\ArduinoCore\Debug\libArduinoCore.a(wiring.o)
 .bss           0x00000000        0x0 C:\Users\virskl\Documents\GitHub\LED-Cube\LedCube\LedCube\ArduinoCore\Debug\libArduinoCore.a(wiring.o)
 .text.millis   0x00000000       0x18 C:\Users\virskl\Documents\GitHub\LED-Cube\LedCube\LedCube\ArduinoCore\Debug\libArduinoCore.a(wiring.o)
 .text.delayMicroseconds
                0x00000000       0x14 C:\Users\virskl\Documents\GitHub\LED-Cube\LedCube\LedCube\ArduinoCore\Debug\libArduinoCore.a(wiring.o)
 .text          0x00000000        0x0 C:\Users\virskl\Documents\GitHub\LED-Cube\LedCube\LedCube\ArduinoCore\Debug\libArduinoCore.a(wiring_digital.o)
 .data          0x00000000        0x0 C:\Users\virskl\Documents\GitHub\LED-Cube\LedCube\LedCube\ArduinoCore\Debug\libArduinoCore.a(wiring_digital.o)
 .bss           0x00000000        0x0 C:\Users\virskl\Documents\GitHub\LED-Cube\LedCube\LedCube\ArduinoCore\Debug\libArduinoCore.a(wiring_digital.o)
 .text.digitalRead
                0x00000000       0x52 C:\Users\virskl\Documents\GitHub\LED-Cube\LedCube\LedCube\ArduinoCore\Debug\libArduinoCore.a(wiring_digital.o)
 .progmem.data.port_to_input_PGM
                0x00000000        0xa C:\Users\virskl\Documents\GitHub\LED-Cube\LedCube\LedCube\ArduinoCore\Debug\libArduinoCore.a(wiring_digital.o)
 .text          0x00000000        0x0 C:\Users\virskl\Documents\GitHub\LED-Cube\LedCube\LedCube\ArduinoCore\Debug\libArduinoCore.a(hooks.o)
 .data          0x00000000        0x0 C:\Users\virskl\Documents\GitHub\LED-Cube\LedCube\LedCube\ArduinoCore\Debug\libArduinoCore.a(hooks.o)
 .bss           0x00000000        0x0 C:\Users\virskl\Documents\GitHub\LED-Cube\LedCube\LedCube\ArduinoCore\Debug\libArduinoCore.a(hooks.o)
 .text          0x00000000        0x0 c:/program files (x86)/atmel/studio/7.0/toolchain/avr8/avr8-gnu-toolchain/bin/../lib/gcc/avr/4.9.2/avr5\libgcc.a(_exit.o)
 .data          0x00000000        0x0 c:/program files (x86)/atmel/studio/7.0/toolchain/avr8/avr8-gnu-toolchain/bin/../lib/gcc/avr/4.9.2/avr5\libgcc.a(_exit.o)
 .bss           0x00000000        0x0 c:/program files (x86)/atmel/studio/7.0/toolchain/avr8/avr8-gnu-toolchain/bin/../lib/gcc/avr/4.9.2/avr5\libgcc.a(_exit.o)
 .text.libgcc.mul
                0x00000000        0x0 c:/program files (x86)/atmel/studio/7.0/toolchain/avr8/avr8-gnu-toolchain/bin/../lib/gcc/avr/4.9.2/avr5\libgcc.a(_exit.o)
 .text.libgcc.div
                0x00000000        0x0 c:/program files (x86)/atmel/studio/7.0/toolchain/avr8/avr8-gnu-toolchain/bin/../lib/gcc/avr/4.9.2/avr5\libgcc.a(_exit.o)
 .text.libgcc   0x00000000        0x0 c:/program files (x86)/atmel/studio/7.0/toolchain/avr8/avr8-gnu-toolchain/bin/../lib/gcc/avr/4.9.2/avr5\libgcc.a(_exit.o)
 .text.libgcc.prologue
                0x00000000        0x0 c:/program files (x86)/atmel/studio/7.0/toolchain/avr8/avr8-gnu-toolchain/bin/../lib/gcc/avr/4.9.2/avr5\libgcc.a(_exit.o)
 .text.libgcc.builtins
                0x00000000        0x0 c:/program files (x86)/atmel/studio/7.0/toolchain/avr8/avr8-gnu-toolchain/bin/../lib/gcc/avr/4.9.2/avr5\libgcc.a(_exit.o)
 .text.libgcc.fmul
                0x00000000        0x0 c:/program files (x86)/atmel/studio/7.0/toolchain/avr8/avr8-gnu-toolchain/bin/../lib/gcc/avr/4.9.2/avr5\libgcc.a(_exit.o)
 .text.libgcc.fixed
                0x00000000        0x0 c:/program files (x86)/atmel/studio/7.0/toolchain/avr8/avr8-gnu-toolchain/bin/../lib/gcc/avr/4.9.2/avr5\libgcc.a(_exit.o)
 .text          0x00000000        0x0 c:/program files (x86)/atmel/studio/7.0/toolchain/avr8/avr8-gnu-toolchain/bin/../lib/gcc/avr/4.9.2/avr5\libgcc.a(_clear_bss.o)
 .data          0x00000000        0x0 c:/program files (x86)/atmel/studio/7.0/toolchain/avr8/avr8-gnu-toolchain/bin/../lib/gcc/avr/4.9.2/avr5\libgcc.a(_clear_bss.o)
 .bss           0x00000000        0x0 c:/program files (x86)/atmel/studio/7.0/toolchain/avr8/avr8-gnu-toolchain/bin/../lib/gcc/avr/4.9.2/avr5\libgcc.a(_clear_bss.o)
 .text.libgcc.mul
                0x00000000        0x0 c:/program files (x86)/atmel/studio/7.0/toolchain/avr8/avr8-gnu-toolchain/bin/../lib/gcc/avr/4.9.2/avr5\libgcc.a(_clear_bss.o)
 .text.libgcc.div
                0x00000000        0x0 c:/program files (x86)/atmel/studio/7.0/toolchain/avr8/avr8-gnu-toolchain/bin/../lib/gcc/avr/4.9.2/avr5\libgcc.a(_clear_bss.o)
 .text.libgcc   0x00000000        0x0 c:/program files (x86)/atmel/studio/7.0/toolchain/avr8/avr8-gnu-toolchain/bin/../lib/gcc/avr/4.9.2/avr5\libgcc.a(_clear_bss.o)
 .text.libgcc.prologue
                0x00000000        0x0 c:/program files (x86)/atmel/studio/7.0/toolchain/avr8/avr8-gnu-toolchain/bin/../lib/gcc/avr/4.9.2/avr5\libgcc.a(_clear_bss.o)
 .text.libgcc.builtins
                0x00000000        0x0 c:/program files (x86)/atmel/studio/7.0/toolchain/avr8/avr8-gnu-toolchain/bin/../lib/gcc/avr/4.9.2/avr5\libgcc.a(_clear_bss.o)
 .text.libgcc.fmul
                0x00000000        0x0 c:/program files (x86)/atmel/studio/7.0/toolchain/avr8/avr8-gnu-toolchain/bin/../lib/gcc/avr/4.9.2/avr5\libgcc.a(_clear_bss.o)
 .text.libgcc.fixed
                0x00000000        0x0 c:/program files (x86)/atmel/studio/7.0/toolchain/avr8/avr8-gnu-toolchain/bin/../lib/gcc/avr/4.9.2/avr5\libgcc.a(_clear_bss.o)
 .text          0x00000000        0x0 c:/program files (x86)/atmel/studio/7.0/toolchain/avr8/avr8-gnu-toolchain/bin/../lib/gcc/avr/4.9.2/avr5\libgcc.a(_ctors.o)
 .data          0x00000000        0x0 c:/program files (x86)/atmel/studio/7.0/toolchain/avr8/avr8-gnu-toolchain/bin/../lib/gcc/avr/4.9.2/avr5\libgcc.a(_ctors.o)
 .bss           0x00000000        0x0 c:/program files (x86)/atmel/studio/7.0/toolchain/avr8/avr8-gnu-toolchain/bin/../lib/gcc/avr/4.9.2/avr5\libgcc.a(_ctors.o)
 .text.libgcc.mul
                0x00000000        0x0 c:/program files (x86)/atmel/studio/7.0/toolchain/avr8/avr8-gnu-toolchain/bin/../lib/gcc/avr/4.9.2/avr5\libgcc.a(_ctors.o)
 .text.libgcc.div
                0x00000000        0x0 c:/program files (x86)/atmel/studio/7.0/toolchain/avr8/avr8-gnu-toolchain/bin/../lib/gcc/avr/4.9.2/avr5\libgcc.a(_ctors.o)
 .text.libgcc   0x00000000        0x0 c:/program files (x86)/atmel/studio/7.0/toolchain/avr8/avr8-gnu-toolchain/bin/../lib/gcc/avr/4.9.2/avr5\libgcc.a(_ctors.o)
 .text.libgcc.prologue
                0x00000000        0x0 c:/program files (x86)/atmel/studio/7.0/toolchain/avr8/avr8-gnu-toolchain/bin/../lib/gcc/avr/4.9.2/avr5\libgcc.a(_ctors.o)
 .text.libgcc.builtins
                0x00000000        0x0 c:/program files (x86)/atmel/studio/7.0/toolchain/avr8/avr8-gnu-toolchain/bin/../lib/gcc/avr/4.9.2/avr5\libgcc.a(_ctors.o)
 .text.libgcc.fmul
                0x00000000        0x0 c:/program files (x86)/atmel/studio/7.0/toolchain/avr8/avr8-gnu-toolchain/bin/../lib/gcc/avr/4.9.2/avr5\libgcc.a(_ctors.o)
 .text.libgcc.fixed
                0x00000000        0x0 c:/program files (x86)/atmel/studio/7.0/toolchain/avr8/avr8-gnu-toolchain/bin/../lib/gcc/avr/4.9.2/avr5\libgcc.a(_ctors.o)
 .text          0x00000000        0x0 c:/program files (x86)/atmel/studio/7.0/toolchain/avr8/avr8-gnu-toolchain/bin/../lib/gcc/avr/4.9.2/avr5\libgcc.a(_dtors.o)
 .data          0x00000000        0x0 c:/program files (x86)/atmel/studio/7.0/toolchain/avr8/avr8-gnu-toolchain/bin/../lib/gcc/avr/4.9.2/avr5\libgcc.a(_dtors.o)
 .bss           0x00000000        0x0 c:/program files (x86)/atmel/studio/7.0/toolchain/avr8/avr8-gnu-toolchain/bin/../lib/gcc/avr/4.9.2/avr5\libgcc.a(_dtors.o)
 .text.libgcc.mul
                0x00000000        0x0 c:/program files (x86)/atmel/studio/7.0/toolchain/avr8/avr8-gnu-toolchain/bin/../lib/gcc/avr/4.9.2/avr5\libgcc.a(_dtors.o)
 .text.libgcc.div
                0x00000000        0x0 c:/program files (x86)/atmel/studio/7.0/toolchain/avr8/avr8-gnu-toolchain/bin/../lib/gcc/avr/4.9.2/avr5\libgcc.a(_dtors.o)
 .text.libgcc   0x00000000        0x0 c:/program files (x86)/atmel/studio/7.0/toolchain/avr8/avr8-gnu-toolchain/bin/../lib/gcc/avr/4.9.2/avr5\libgcc.a(_dtors.o)
 .text.libgcc.prologue
                0x00000000        0x0 c:/program files (x86)/atmel/studio/7.0/toolchain/avr8/avr8-gnu-toolchain/bin/../lib/gcc/avr/4.9.2/avr5\libgcc.a(_dtors.o)
 .text.libgcc.builtins
                0x00000000        0x0 c:/program files (x86)/atmel/studio/7.0/toolchain/avr8/avr8-gnu-toolchain/bin/../lib/gcc/avr/4.9.2/avr5\libgcc.a(_dtors.o)
 .text.libgcc.fmul
                0x00000000        0x0 c:/program files (x86)/atmel/studio/7.0/toolchain/avr8/avr8-gnu-toolchain/bin/../lib/gcc/avr/4.9.2/avr5\libgcc.a(_dtors.o)
 .text.libgcc.fixed
                0x00000000        0x0 c:/program files (x86)/atmel/studio/7.0/toolchain/avr8/avr8-gnu-toolchain/bin/../lib/gcc/avr/4.9.2/avr5\libgcc.a(_dtors.o)
 .text          0x00000000        0x0 c:/program files (x86)/atmel/studio/7.0/toolchain/avr8/avr8-gnu-toolchain/bin/../lib/gcc/avr/4.9.2/avr5\libgcc.a(_tablejump2.o)
 .data          0x00000000        0x0 c:/program files (x86)/atmel/studio/7.0/toolchain/avr8/avr8-gnu-toolchain/bin/../lib/gcc/avr/4.9.2/avr5\libgcc.a(_tablejump2.o)
 .bss           0x00000000        0x0 c:/program files (x86)/atmel/studio/7.0/toolchain/avr8/avr8-gnu-toolchain/bin/../lib/gcc/avr/4.9.2/avr5\libgcc.a(_tablejump2.o)
 .text.libgcc.mul
                0x00000000        0x0 c:/program files (x86)/atmel/studio/7.0/toolchain/avr8/avr8-gnu-toolchain/bin/../lib/gcc/avr/4.9.2/avr5\libgcc.a(_tablejump2.o)
 .text.libgcc.div
                0x00000000        0x0 c:/program files (x86)/atmel/studio/7.0/toolchain/avr8/avr8-gnu-toolchain/bin/../lib/gcc/avr/4.9.2/avr5\libgcc.a(_tablejump2.o)
 .text.libgcc.prologue
                0x00000000        0x0 c:/program files (x86)/atmel/studio/7.0/toolchain/avr8/avr8-gnu-toolchain/bin/../lib/gcc/avr/4.9.2/avr5\libgcc.a(_tablejump2.o)
 .text.libgcc.builtins
                0x00000000        0x0 c:/program files (x86)/atmel/studio/7.0/toolchain/avr8/avr8-gnu-toolchain/bin/../lib/gcc/avr/4.9.2/avr5\libgcc.a(_tablejump2.o)
 .text.libgcc.fmul
                0x00000000        0x0 c:/program files (x86)/atmel/studio/7.0/toolchain/avr8/avr8-gnu-toolchain/bin/../lib/gcc/avr/4.9.2/avr5\libgcc.a(_tablejump2.o)
 .text.libgcc.fixed
                0x00000000        0x0 c:/program files (x86)/atmel/studio/7.0/toolchain/avr8/avr8-gnu-toolchain/bin/../lib/gcc/avr/4.9.2/avr5\libgcc.a(_tablejump2.o)

Memory Configuration

Name             Origin             Length             Attributes
text             0x00000000         0x00020000         xr
data             0x00800060         0x0000ffa0         rw !x
eeprom           0x00810000         0x00010000         rw !x
fuse             0x00820000         0x00000400         rw !x
lock             0x00830000         0x00000400         rw !x
signature        0x00840000         0x00000400         rw !x
user_signatures  0x00850000         0x00000400         rw !x
*default*        0x00000000         0xffffffff

Linker script and memory map

Address of section .data set to 0x800100
LOAD C:/Program Files (x86)/Atmel/Studio/7.0/Packs/atmel/ATmega_DFP/1.0.106/gcc/dev/atmega328p/avr5/crtatmega328p.o
LOAD Sketch.o
LOAD src/Animation.o
LOAD src/LedCube.o
LOAD src/Transformation.o
START GROUP
LOAD c:/program files (x86)/atmel/studio/7.0/toolchain/avr8/avr8-gnu-toolchain/bin/../lib/gcc/avr/4.9.2/../../../../avr/lib/avr5\libm.a
LOAD C:\Users\virskl\Documents\GitHub\LED-Cube\LedCube\LedCube\ArduinoCore\Debug\libArduinoCore.a
END GROUP
LOAD c:/program files (x86)/atmel/studio/7.0/toolchain/avr8/avr8-gnu-toolchain/bin/../lib/gcc/avr/4.9.2/avr5\libgcc.a
LOAD c:/program files (x86)/atmel/studio/7.0/toolchain/avr8/avr8-gnu-toolchain/bin/../lib/gcc/avr/4.9.2/../../../../avr/lib/avr5\libm.a
START GROUP
LOAD c:/program files (x86)/atmel/studio/7.0/toolchain/avr8/avr8-gnu-toolchain/bin/../lib/gcc/avr/4.9.2/avr5\libgcc.a
LOAD c:/program files (x86)/atmel/studio/7.0/toolchain/avr8/avr8-gnu-toolchain/bin/../lib/gcc/avr/4.9.2/../../../../avr/lib/avr5\libm.a
LOAD c:/program files (x86)/atmel/studio/7.0/toolchain/avr8/avr8-gnu-toolchain/bin/../lib/gcc/avr/4.9.2/../../../../avr/lib/avr5\libc.a
LOAD C:/Program Files (x86)/Atmel/Studio/7.0/Packs/atmel/ATmega_DFP/1.0.106/gcc/dev/atmega328p/avr5\libatmega328p.a
END GROUP
                0x00020000                __TEXT_REGION_LENGTH__ = DEFINED (__TEXT_REGION_LENGTH__)?__TEXT_REGION_LENGTH__:0x20000
                0x0000ffa0                __DATA_REGION_LENGTH__ = DEFINED (__DATA_REGION_LENGTH__)?__DATA_REGION_LENGTH__:0xffa0
                0x00010000                __EEPROM_REGION_LENGTH__ = DEFINED (__EEPROM_REGION_LENGTH__)?__EEPROM_REGION_LENGTH__:0x10000
                0x00000400                __FUSE_REGION_LENGTH__ = DEFINED (__FUSE_REGION_LENGTH__)?__FUSE_REGION_LENGTH__:0x400
                0x00000400                __LOCK_REGION_LENGTH__ = DEFINED (__LOCK_REGION_LENGTH__)?__LOCK_REGION_LENGTH__:0x400
                0x00000400                __SIGNATURE_REGION_LENGTH__ = DEFINED (__SIGNATURE_REGION_LENGTH__)?__SIGNATURE_REGION_LENGTH__:0x400
                0x00000400                __USER_SIGNATURE_REGION_LENGTH__ = DEFINED (__USER_SIGNATURE_REGION_LENGTH__)?__USER_SIGNATURE_REGION_LENGTH__:0x400

.hash
 *(.hash)

.dynsym
 *(.dynsym)

.dynstr
 *(.dynstr)

.gnu.version
 *(.gnu.version)

.gnu.version_d
 *(.gnu.version_d)

.gnu.version_r
 *(.gnu.version_r)

.rel.init
 *(.rel.init)

.rela.init
 *(.rela.init)

.rel.text
 *(.rel.text)
 *(.rel.text.*)
 *(.rel.gnu.linkonce.t*)

.rela.text
 *(.rela.text)
 *(.rela.text.*)
 *(.rela.gnu.linkonce.t*)

.rel.fini
 *(.rel.fini)

.rela.fini
 *(.rela.fini)

.rel.rodata
 *(.rel.rodata)
 *(.rel.rodata.*)
 *(.rel.gnu.linkonce.r*)

.rela.rodata
 *(.rela.rodata)
 *(.rela.rodata.*)
 *(.rela.gnu.linkonce.r*)

.rel.data
 *(.rel.data)
 *(.rel.data.*)
 *(.rel.gnu.linkonce.d*)

.rela.data
 *(.rela.data)
 *(.rela.data.*)
 *(.rela.gnu.linkonce.d*)

.rel.ctors
 *(.rel.ctors)

.rela.ctors
 *(.rela.ctors)

.rel.dtors
 *(.rel.dtors)

.rela.dtors
 *(.rela.dtors)

.rel.got
 *(.rel.got)

.rela.got
 *(.rela.got)

.rel.bss
 *(.rel.bss)

.rela.bss
 *(.rela.bss)

.rel.plt
 *(.rel.plt)

.rela.plt
 *(.rela.plt)

.text           0x00000000      0x648
 *(.vectors)
 .vectors       0x00000000       0x68 C:/Program Files (x86)/Atmel/Studio/7.0/Packs/atmel/ATmega_DFP/1.0.106/gcc/dev/atmega328p/avr5/crtatmega328p.o
                0x00000000                __vector_default
                0x00000000                __vectors
 *(.vectors)
 *(.progmem.gcc*)
                0x00000068                . = ALIGN (0x2)
                0x00000068                __trampolines_start = .
 *(.trampolines)
 .trampolines   0x00000068        0x0 linker stubs
 *(.trampolines*)
                0x00000068                __trampolines_end = .
 *libprintf_flt.a:*(.progmem.data)
 *libc.a:*(.progmem.data)
 *(.progmem*)
 .progmem.data.digital_pin_to_timer_PGM
                0x00000068       0x14 C:\Users\virskl\Documents\GitHub\LED-Cube\LedCube\LedCube\ArduinoCore\Debug\libArduinoCore.a(wiring_digital.o)
                0x00000068                digital_pin_to_timer_PGM
 .progmem.data.digital_pin_to_bit_mask_PGM
                0x0000007c       0x14 C:\Users\virskl\Documents\GitHub\LED-Cube\LedCube\LedCube\ArduinoCore\Debug\libArduinoCore.a(wiring_digital.o)
                0x0000007c                digital_pin_to_bit_mask_PGM
 .progmem.data.digital_pin_to_port_PGM
                0x00000090       0x14 C:\Users\virskl\Documents\GitHub\LED-Cube\LedCube\LedCube\ArduinoCore\Debug\libArduinoCore.a(wiring_digital.o)
                0x00000090                digital_pin_to_port_PGM
 .progmem.data.port_to_output_PGM
                0x000000a4        0xa C:\Users\virskl\Documents\GitHub\LED-Cube\LedCube\LedCube\ArduinoCore\Debug\libArduinoCore.a(wiring_digital.o)
                0x000000a4                port_to_output_PGM
 .progmem.data.port_to_mode_PGM
                0x000000ae        0xa C:\Users\virskl\Documents\GitHub\LED-Cube\LedCube\LedCube\ArduinoCore\Debug\libArduinoCore.a(wiring_digital.o)
                0x000000ae                port_to_mode_PGM
                0x000000b8                . = ALIGN (0x2)
 *(.jumptables)
 *(.jumptables*)
 *(.lowtext)
 *(.lowtext*)
                0x000000b8                __ctors_start = .
 *(.ctors)
 .ctors         0x000000b8        0x2 Sketch.o
                0x000000ba                __ctors_end = .
                0x000000ba                __dtors_start = .
 *(.dtors)
 .dtors         0x000000ba        0x2 Sketch.o
                0x000000bc                __dtors_end = .
 SORT(*)(.ctors)
 SORT(*)(.dtors)
 *(.init0)
 .init0         0x000000bc        0x0 C:/Program Files (x86)/Atmel/Studio/7.0/Packs/atmel/ATmega_DFP/1.0.106/gcc/dev/atmega328p/avr5/crtatmega328p.o
                0x000000bc                __init
 *(.init0)
 *(.init1)
 *(.init1)
 *(.init2)
 .init2         0x000000bc        0xc C:/Program Files (x86)/Atmel/Studio/7.0/Packs/atmel/ATmega_DFP/1.0.106/gcc/dev/atmega328p/avr5/crtatmega328p.o
 *(.init2)
 *(.init3)
 *(.init3)
 *(.init4)
 .init4         0x000000c8       0x10 c:/program files (x86)/atmel/studio/7.0/toolchain/avr8/avr8-gnu-toolchain/bin/../lib/gcc/avr/4.9.2/avr5\libgcc.a(_clear_bss.o)
                0x000000c8                __do_clear_bss
 *(.init4)
 *(.init5)
 *(.init5)
 *(.init6)
 .init6         0x000000d8       0x16 c:/program files (x86)/atmel/studio/7.0/toolchain/avr8/avr8-gnu-toolchain/bin/../lib/gcc/avr/4.9.2/avr5\libgcc.a(_ctors.o)
                0x000000d8                __do_global_ctors
 *(.init6)
 *(.init7)
 *(.init7)
 *(.init8)
 *(.init8)
 *(.init9)
 .init9         0x000000ee        0x8 C:/Program Files (x86)/Atmel/Studio/7.0/Packs/atmel/ATmega_DFP/1.0.106/gcc/dev/atmega328p/avr5/crtatmega328p.o
 *(.init9)
 *(.text)
 .text          0x000000f6        0x4 C:/Program Files (x86)/Atmel/Studio/7.0/Packs/atmel/ATmega_DFP/1.0.106/gcc/dev/atmega328p/avr5/crtatmega328p.o
                0x000000f6                __vector_22
                0x000000f6                __vector_1
                0x000000f6                __vector_24
                0x000000f6                __vector_12
                0x000000f6                __bad_interrupt
                0x000000f6                __vector_6
                0x000000f6                __vector_3
                0x000000f6                __vector_23
                0x000000f6                __vector_25
                0x000000f6                __vector_11
                0x000000f6                __vector_13
                0x000000f6                __vector_17
                0x000000f6                __vector_19
                0x000000f6                __vector_7
                0x000000f6                __vector_5
                0x000000f6                __vector_4
                0x000000f6                __vector_9
                0x000000f6                __vector_2
                0x000000f6                __vector_21
                0x000000f6                __vector_15
                0x000000f6                __vector_8
                0x000000f6                __vector_14
                0x000000f6                __vector_10
                0x000000f6                __vector_18
                0x000000f6                __vector_20
                0x000000fa                . = ALIGN (0x2)
 *(.text.*)
 .text.setup    0x000000fa       0x16 Sketch.o
                0x000000fa                setup
 .text.loop     0x00000110       0x14 Sketch.o
                0x00000110                loop
 .text.startup._GLOBAL__sub_I_Cube
                0x00000124        0xe Sketch.o
 .text.exit._GLOBAL__sub_D_Cube
                0x00000132        0x8 Sketch.o
 .text._ZN7LedCubeC2Ehhh
                0x0000013a       0x3c src/LedCube.o
                0x0000013a                _ZN7LedCubeC1Ehhh
                0x0000013a                _ZN7LedCubeC2Ehhh
 .text._ZN7LedCubeD2Ev
                0x00000176        0x2 src/LedCube.o
                0x00000176                _ZN7LedCubeD2Ev
                0x00000176                _ZN7LedCubeD1Ev
 .text._ZN7LedCube9clearCubeEv
                0x00000178       0x3c src/LedCube.o
                0x00000178                _ZN7LedCube9clearCubeEv
 .text._ZN7LedCube4initEv
                0x000001b4       0x32 src/LedCube.o
                0x000001b4                _ZN7LedCube4initEv
 .text._ZN7LedCube8setVoxelEhhh
                0x000001e6       0x50 src/LedCube.o
                0x000001e6                _ZN7LedCube8setVoxelEhhh
 .text._ZN7LedCube8sendDataEh
                0x00000236       0x5a src/LedCube.o
                0x00000236                _ZN7LedCube8sendDataEh
 .text._ZN7LedCube9showLayerEh
                0x00000290       0x76 src/LedCube.o
                0x00000290                _ZN7LedCube9showLayerEh
 .text._ZN7LedCube4taskEv
                0x00000306       0x2c src/LedCube.o
                0x00000306                _ZN7LedCube4taskEv
 .text.initVariant
                0x00000332        0x2 C:\Users\virskl\Documents\GitHub\LED-Cube\LedCube\LedCube\ArduinoCore\Debug\libArduinoCore.a(main.o)
                0x00000332                initVariant
 .text.startup.main
                0x00000334       0x1e C:\Users\virskl\Documents\GitHub\LED-Cube\LedCube\LedCube\ArduinoCore\Debug\libArduinoCore.a(main.o)
                0x00000334                main
 .text.__vector_16
                0x00000352       0x94 C:\Users\virskl\Documents\GitHub\LED-Cube\LedCube\LedCube\ArduinoCore\Debug\libArduinoCore.a(wiring.o)
                0x00000352                __vector_16
 .text.micros   0x000003e6       0x4a C:\Users\virskl\Documents\GitHub\LED-Cube\LedCube\LedCube\ArduinoCore\Debug\libArduinoCore.a(wiring.o)
                0x000003e6                micros
 .text.delay    0x00000430       0x50 C:\Users\virskl\Documents\GitHub\LED-Cube\LedCube\LedCube\ArduinoCore\Debug\libArduinoCore.a(wiring.o)
                0x00000430                delay
 .text.init     0x00000480       0x76 C:\Users\virskl\Documents\GitHub\LED-Cube\LedCube\LedCube\ArduinoCore\Debug\libArduinoCore.a(wiring.o)
                0x00000480                init
 .text.turnOffPWM
                0x000004f6       0x52 C:\Users\virskl\Documents\GitHub\LED-Cube\LedCube\LedCube\ArduinoCore\Debug\libArduinoCore.a(wiring_digital.o)
 .text.pinMode  0x00000548       0x78 C:\Users\virskl\Documents\GitHub\LED-Cube\LedCube\LedCube\ArduinoCore\Debug\libArduinoCore.a(wiring_digital.o)
                0x00000548                pinMode
 .text.digitalWrite
                0x000005c0       0x60 C:\Users\virskl\Documents\GitHub\LED-Cube\LedCube\LedCube\ArduinoCore\Debug\libArduinoCore.a(wiring_digital.o)
                0x000005c0                digitalWrite
 .text.__empty  0x00000620        0x2 C:\Users\virskl\Documents\GitHub\LED-Cube\LedCube\LedCube\ArduinoCore\Debug\libArduinoCore.a(hooks.o)
                0x00000620                yield
 .text.libgcc   0x00000622        0xc c:/program files (x86)/atmel/studio/7.0/toolchain/avr8/avr8-gnu-toolchain/bin/../lib/gcc/avr/4.9.2/avr5\libgcc.a(_tablejump2.o)
                0x00000622                __tablejump2__
                0x0000062e                . = ALIGN (0x2)
 *(.fini9)
 .fini9         0x0000062e        0x0 c:/program files (x86)/atmel/studio/7.0/toolchain/avr8/avr8-gnu-toolchain/bin/../lib/gcc/avr/4.9.2/avr5\libgcc.a(_exit.o)
                0x0000062e                _exit
                0x0000062e                exit
 *(.fini9)
 *(.fini8)
 *(.fini8)
 *(.fini7)
 *(.fini7)
 *(.fini6)
 .fini6         0x0000062e       0x16 c:/program files (x86)/atmel/studio/7.0/toolchain/avr8/avr8-gnu-toolchain/bin/../lib/gcc/avr/4.9.2/avr5\libgcc.a(_dtors.o)
                0x0000062e                __do_global_dtors
 *(.fini6)
 *(.fini5)
 *(.fini5)
 *(.fini4)
 *(.fini4)
 *(.fini3)
 *(.fini3)
 *(.fini2)
 *(.fini2)
 *(.fini1)
 *(.fini1)
 *(.fini0)
 .fini0         0x00000644        0x4 c:/program files (x86)/atmel/studio/7.0/toolchain/avr8/avr8-gnu-toolchain/bin/../lib/gcc/avr/4.9.2/avr5\libgcc.a(_exit.o)
 *(.fini0)
                0x00000648                _etext = .

.data           0x00800100        0x0 load address 0x00000648
                [!provide]                PROVIDE (__data_start, .)
 *(.data)
 *(.data*)
 *(.rodata)
 *(.rodata*)
 *(.gnu.linkonce.d*)
                0x00800100                . = ALIGN (0x2)
                0x00800100                _edata = .
                [!provide]                PROVIDE (__data_end, .)

.bss            0x00800100       0x92
                0x00800100                PROVIDE (__bss_start, .)
 *(.bss)
 *(.bss*)
 .bss.Cube      0x00800100       0x89 Sketch.o
                0x00800100                Cube
 .bss.timer0_fract
                0x00800189        0x1 C:\Users\virskl\Documents\GitHub\LED-Cube\LedCube\LedCube\ArduinoCore\Debug\libArduinoCore.a(wiring.o)
 .bss.timer0_millis
                0x0080018a        0x4 C:\Users\virskl\Documents\GitHub\LED-Cube\LedCube\LedCube\ArduinoCore\Debug\libArduinoCore.a(wiring.o)
                0x0080018a                timer0_millis
 .bss.timer0_overflow_count
                0x0080018e        0x4 C:\Users\virskl\Documents\GitHub\LED-Cube\LedCube\LedCube\ArduinoCore\Debug\libArduinoCore.a(wiring.o)
                0x0080018e                timer0_overflow_count
 *(COMMON)
                0x00800192                PROVIDE (__bss_end, .)
                0x00000648                __data_load_start = LOADADDR (.data)
                0x00000648                __data_load_end = (__data_load_start + SIZEOF (.data))

.noinit         0x00800192        0x0
                [!provide]                PROVIDE (__noinit_start, .)
 *(.noinit*)
                [!provide]                PROVIDE (__noinit_end, .)
                0x00800192                _end = .
                [!provide]                PROVIDE (__heap_start, .)

.eeprom         0x00810000        0x0
 *(.eeprom*)
                0x00810000                __eeprom_end = .

.fuse
 *(.fuse)
 *(.lfuse)
 *(.hfuse)
 *(.efuse)

.lock
 *(.lock*)

.signature
 *(.signature*)

.user_signatures
 *(.user_signatures*)

.stab
 *(.stab)

.stabstr
 *(.stabstr)

.stab.excl
 *(.stab.excl)

.stab.exclstr
 *(.stab.exclstr)

.stab.index
 *(.stab.index)

.stab.indexstr
 *(.stab.indexstr)

.comment        0x00000000       0x30
 *(.comment)
 .comment       0x00000000       0x30 Sketch.o
                                 0x31 (size before relaxing)
 .comment       0x00000030       0x31 src/LedCube.o
 .comment       0x00000030       0x31 C:\Users\virskl\Documents\GitHub\LED-Cube\LedCube\LedCube\ArduinoCore\Debug\libArduinoCore.a(main.o)
 .comment       0x00000030       0x31 C:\Users\virskl\Documents\GitHub\LED-Cube\LedCube\LedCube\ArduinoCore\Debug\libArduinoCore.a(wiring.o)
 .comment       0x00000030       0x31 C:\Users\virskl\Documents\GitHub\LED-Cube\LedCube\LedCube\ArduinoCore\Debug\libArduinoCore.a(wiring_digital.o)
 .comment       0x00000030       0x31 C:\Users\virskl\Documents\GitHub\LED-Cube\LedCube\LedCube\ArduinoCore\Debug\libArduinoCore.a(hooks.o)

.note.gnu.avr.deviceinfo
                0x00000000       0x40
 .note.gnu.avr.deviceinfo
                0x00000000       0x40 C:/Program Files (x86)/Atmel/Studio/7.0/Packs/atmel/ATmega_DFP/1.0.106/gcc/dev/atmega328p/avr5/crtatmega328p.o

.note.gnu.build-id
 *(.note.gnu.build-id)

.debug
 *(.debug)

.line
 *(.line)

.debug_srcinfo
 *(.debug_srcinfo)

.debug_sfnames
 *(.debug_sfnames)

.debug_aranges  0x00000000      0x190
 *(.debug_aranges)
 .debug_aranges
                0x00000000       0x38 Sketch.o
 .debug_aranges
                0x00000038       0x88 src/LedCube.o
 .debug_aranges
                0x000000c0       0x30 C:\Users\virskl\Documents\GitHub\LED-Cube\LedCube\LedCube\ArduinoCore\Debug\libArduinoCore.a(main.o)
 .debug_aranges
                0x000000f0       0x48 C:\Users\virskl\Documents\GitHub\LED-Cube\LedCube\LedCube\ArduinoCore\Debug\libArduinoCore.a(wiring.o)
 .debug_aranges
                0x00000138       0x38 C:\Users\virskl\Documents\GitHub\LED-Cube\LedCube\LedCube\ArduinoCore\Debug\libArduinoCore.a(wiring_digital.o)
 .debug_aranges
                0x00000170       0x20 C:\Users\virskl\Documents\GitHub\LED-Cube\LedCube\LedCube\ArduinoCore\Debug\libArduinoCore.a(hooks.o)

.debug_pubnames
 *(.debug_pubnames)

.debug_info     0x00000000     0x1de5
 *(.debug_info .gnu.linkonce.wi.*)
 .debug_info    0x00000000      0x73d Sketch.o
 .debug_info    0x0000073d      0xbc4 src/LedCube.o
 .debug_info    0x00001301      0x1f0 C:\Users\virskl\Documents\GitHub\LED-Cube\LedCube\LedCube\ArduinoCore\Debug\libArduinoCore.a(main.o)
 .debug_info    0x000014f1      0x2bd C:\Users\virskl\Documents\GitHub\LED-Cube\LedCube\LedCube\ArduinoCore\Debug\libArduinoCore.a(wiring.o)
 .debug_info    0x000017ae      0x5f9 C:\Users\virskl\Documents\GitHub\LED-Cube\LedCube\LedCube\ArduinoCore\Debug\libArduinoCore.a(wiring_digital.o)
 .debug_info    0x00001da7       0x3e C:\Users\virskl\Documents\GitHub\LED-Cube\LedCube\LedCube\ArduinoCore\Debug\libArduinoCore.a(hooks.o)

.debug_abbrev   0x00000000      0x8f1
 *(.debug_abbrev)
 .debug_abbrev  0x00000000      0x20e Sketch.o
 .debug_abbrev  0x0000020e      0x342 src/LedCube.o
 .debug_abbrev  0x00000550       0xd7 C:\Users\virskl\Documents\GitHub\LED-Cube\LedCube\LedCube\ArduinoCore\Debug\libArduinoCore.a(main.o)
 .debug_abbrev  0x00000627      0x145 C:\Users\virskl\Documents\GitHub\LED-Cube\LedCube\LedCube\ArduinoCore\Debug\libArduinoCore.a(wiring.o)
 .debug_abbrev  0x0000076c      0x15b C:\Users\virskl\Documents\GitHub\LED-Cube\LedCube\LedCube\ArduinoCore\Debug\libArduinoCore.a(wiring_digital.o)
 .debug_abbrev  0x000008c7       0x2a C:\Users\virskl\Documents\GitHub\LED-Cube\LedCube\LedCube\ArduinoCore\Debug\libArduinoCore.a(hooks.o)

.debug_line     0x00000000      0xc72
 *(.debug_line .debug_line.* .debug_line_end)
 .debug_line    0x00000000      0x186 Sketch.o
 .debug_line    0x00000186      0x471 src/LedCube.o
 .debug_line    0x000005f7      0x159 C:\Users\virskl\Documents\GitHub\LED-Cube\LedCube\LedCube\ArduinoCore\Debug\libArduinoCore.a(main.o)
 .debug_line    0x00000750      0x28f C:\Users\virskl\Documents\GitHub\LED-Cube\LedCube\LedCube\ArduinoCore\Debug\libArduinoCore.a(wiring.o)
 .debug_line    0x000009df      0x252 C:\Users\virskl\Documents\GitHub\LED-Cube\LedCube\LedCube\ArduinoCore\Debug\libArduinoCore.a(wiring_digital.o)
 .debug_line    0x00000c31       0x41 C:\Users\virskl\Documents\GitHub\LED-Cube\LedCube\LedCube\ArduinoCore\Debug\libArduinoCore.a(hooks.o)

.debug_frame    0x00000000      0x370
 *(.debug_frame)
 .debug_frame   0x00000000       0x54 Sketch.o
 .debug_frame   0x00000054      0x17c src/LedCube.o
 .debug_frame   0x000001d0       0x44 C:\Users\virskl\Documents\GitHub\LED-Cube\LedCube\LedCube\ArduinoCore\Debug\libArduinoCore.a(main.o)
 .debug_frame   0x00000214       0xbc C:\Users\virskl\Documents\GitHub\LED-Cube\LedCube\LedCube\ArduinoCore\Debug\libArduinoCore.a(wiring.o)
 .debug_frame   0x000002d0       0x7c C:\Users\virskl\Documents\GitHub\LED-Cube\LedCube\LedCube\ArduinoCore\Debug\libArduinoCore.a(wiring_digital.o)
 .debug_frame   0x0000034c       0x24 C:\Users\virskl\Documents\GitHub\LED-Cube\LedCube\LedCube\ArduinoCore\Debug\libArduinoCore.a(hooks.o)

.debug_str      0x00000000      0x995
 *(.debug_str)
 .debug_str     0x00000000      0x625 Sketch.o
                                0x6c5 (size before relaxing)
 .debug_str     0x00000625       0x8b src/LedCube.o
                                0x6cf (size before relaxing)
 .debug_str     0x000006b0       0xa1 C:\Users\virskl\Documents\GitHub\LED-Cube\LedCube\LedCube\ArduinoCore\Debug\libArduinoCore.a(main.o)
                                0x248 (size before relaxing)
 .debug_str     0x00000751      0x14f C:\Users\virskl\Documents\GitHub\LED-Cube\LedCube\LedCube\ArduinoCore\Debug\libArduinoCore.a(wiring.o)
                                0x22b (size before relaxing)
 .debug_str     0x000008a0       0xd9 C:\Users\virskl\Documents\GitHub\LED-Cube\LedCube\LedCube\ArduinoCore\Debug\libArduinoCore.a(wiring_digital.o)
                                0x299 (size before relaxing)
 .debug_str     0x00000979       0x1c C:\Users\virskl\Documents\GitHub\LED-Cube\LedCube\LedCube\ArduinoCore\Debug\libArduinoCore.a(hooks.o)
                                0x129 (size before relaxing)

.debug_loc      0x00000000     0x107f
 *(.debug_loc)
 .debug_loc     0x00000000      0x82d src/LedCube.o
 .debug_loc     0x0000082d       0x26 C:\Users\virskl\Documents\GitHub\LED-Cube\LedCube\LedCube\ArduinoCore\Debug\libArduinoCore.a(main.o)
 .debug_loc     0x00000853      0x249 C:\Users\virskl\Documents\GitHub\LED-Cube\LedCube\LedCube\ArduinoCore\Debug\libArduinoCore.a(wiring.o)
 .debug_loc     0x00000a9c      0x5e3 C:\Users\virskl\Documents\GitHub\LED-Cube\LedCube\LedCube\ArduinoCore\Debug\libArduinoCore.a(wiring_digital.o)

.debug_macinfo
 *(.debug_macinfo)

.debug_weaknames
 *(.debug_weaknames)

.debug_funcnames
 *(.debug_funcnames)

.debug_typenames
 *(.debug_typenames)

.debug_varnames
 *(.debug_varnames)

.debug_pubtypes
 *(.debug_pubtypes)

.debug_ranges   0x00000000      0x148
 *(.debug_ranges)
 .debug_ranges  0x00000000       0x28 Sketch.o
 .debug_ranges  0x00000028       0x90 src/LedCube.o
 .debug_ranges  0x000000b8       0x20 C:\Users\virskl\Documents\GitHub\LED-Cube\LedCube\LedCube\ArduinoCore\Debug\libArduinoCore.a(main.o)
 .debug_ranges  0x000000d8       0x38 C:\Users\virskl\Documents\GitHub\LED-Cube\LedCube\LedCube\ArduinoCore\Debug\libArduinoCore.a(wiring.o)
 .debug_ranges  0x00000110       0x28 C:\Users\virskl\Documents\GitHub\LED-Cube\LedCube\LedCube\ArduinoCore\Debug\libArduinoCore.a(wiring_digital.o)
 .debug_ranges  0x00000138       0x10 C:\Users\virskl\Documents\GitHub\LED-Cube\LedCube\LedCube\ArduinoCore\Debug\libArduinoCore.a(hooks.o)

.debug_macro
 *(.debug_macro)
OUTPUT(LedCube.elf elf32-avr)
LOAD linker stubs
